Component: ARM Compiler 5.06 update 5 (build 528) Tool: armlink [4d35e2]

==============================================================================

Section Cross References

    boot_vectors.o(RESET) refers to boot_vectors.o(STACK) for __initial_sp
    boot_vectors.o(RESET) refers to boot_vectors.o(.text) for Reset_Handler
    boot_vectors.o(RESET) refers to per_ex_hard_fault.o(.text) for HardFault_Handler
    boot_vectors.o(RESET) refers to uart2.o(.text) for UART2_Handler
    boot_vectors.o(RESET) refers to gpio.o(.text) for GPIO0_Handler
    boot_vectors.o(.text) refers to system_armcm0.o(.text) for SystemInit
    boot_vectors.o(.text) refers to entry.o(.ARM.Collect$$$$00000000) for __main
    gpio.o(.text) refers to gpio.o(.bss) for GPIOHandlerFunction
    battery.o(.text) refers to idiv.o(.text) for __aeabi_idivmod
    battery.o(.text) refers to ffltui.o(.text) for __aeabi_ui2f
    battery.o(.text) refers to f2d.o(.text) for __aeabi_f2d
    battery.o(.text) refers to dmul.o(.text) for __aeabi_dmul
    battery.o(.text) refers to ddiv.o(.text) for __aeabi_ddiv
    battery.o(.text) refers to dfixui.o(.text) for __aeabi_d2uiz
    battery.o(.text) refers to adc.o(.text) for adc_calibrate
    battery.o(.text) refers to common_uart.o(.text) for printf_string
    battery.o(.text) refers to dfltui.o(.text) for __aeabi_ui2d
    battery.o(.text) refers to d2f.o(.text) for __aeabi_d2f
    battery.o(.text) refers to fmul.o(.text) for __aeabi_fmul
    battery.o(.text) refers to ffixi.o(.text) for __aeabi_f2iz
    battery.o(.text) refers to battery.o(retention_mem_area0) for old_value
    uart2.o(.text) refers to uart2.o(retention_mem_area0) for uart2_env
    common_uart.o(.text) refers to uart2.o(.text) for uart2_write
    common_uart.o(.text) refers to strlen.o(.text) for strlen
    common_uart.o(.text) refers to idiv.o(.text) for __aeabi_idivmod
    main.o(.text) refers to common_uart.o(.text) for printf_string
    main.o(.text) refers to battery.o(.text) for battery_get_lvl
    main.o(.text) refers to user_periph_setup.o(.text) for periph_init
    main.o(.text) refers to gpio.o(.text) for GPIO_ConfigurePin
    user_periph_setup.o(.text) refers to gpio.o(.text) for GPIO_ConfigurePin
    user_periph_setup.o(.text) refers to uart2.o(.text) for uart2_init
    entry.o(.ARM.Collect$$$$00000000) refers (Special) to entry10a.o(.ARM.Collect$$$$0000000D) for __rt_final_cpp
    entry.o(.ARM.Collect$$$$00000000) refers (Special) to entry11a.o(.ARM.Collect$$$$0000000F) for __rt_final_exit
    entry.o(.ARM.Collect$$$$00000000) refers (Special) to entry7b.o(.ARM.Collect$$$$00000008) for _main_clock
    entry.o(.ARM.Collect$$$$00000000) refers (Special) to entry8b.o(.ARM.Collect$$$$0000000A) for _main_cpp_init
    entry.o(.ARM.Collect$$$$00000000) refers (Special) to entry9a.o(.ARM.Collect$$$$0000000B) for _main_init
    entry.o(.ARM.Collect$$$$00000000) refers (Special) to entry5.o(.ARM.Collect$$$$00000004) for _main_scatterload
    entry.o(.ARM.Collect$$$$00000000) refers (Special) to entry2.o(.ARM.Collect$$$$00000001) for _main_stk
    idiv.o(.text) refers to uidiv.o(.text) for __aeabi_uidivmod
    fmul.o(.text) refers (Special) to iusefp.o(.text) for __I$use$fp
    dmul.o(.text) refers (Special) to iusefp.o(.text) for __I$use$fp
    dmul.o(.text) refers to depilogue.o(.text) for _double_epilogue
    ddiv.o(.text) refers (Special) to iusefp.o(.text) for __I$use$fp
    ddiv.o(.text) refers to depilogue.o(.text) for _double_round
    ffltui.o(.text) refers (Special) to iusefp.o(.text) for __I$use$fp
    ffltui.o(.text) refers to fepilogue.o(.text) for _float_epilogue
    dfltui.o(.text) refers (Special) to iusefp.o(.text) for __I$use$fp
    dfltui.o(.text) refers to depilogue.o(.text) for _double_epilogue
    ffixi.o(.text) refers (Special) to iusefp.o(.text) for __I$use$fp
    dfixui.o(.text) refers (Special) to iusefp.o(.text) for __I$use$fp
    dfixui.o(.text) refers to llushr.o(.text) for __aeabi_llsr
    f2d.o(.text) refers (Special) to iusefp.o(.text) for __I$use$fp
    d2f.o(.text) refers (Special) to iusefp.o(.text) for __I$use$fp
    d2f.o(.text) refers to fepilogue.o(.text) for _float_round
    entry2.o(.ARM.Collect$$$$00000001) refers to entry2.o(.ARM.Collect$$$$00002712) for __lit__00000000
    entry2.o(.ARM.Collect$$$$00002712) refers to boot_vectors.o(STACK) for __initial_sp
    entry2.o(__vectab_stack_and_reset_area) refers to boot_vectors.o(STACK) for __initial_sp
    entry2.o(__vectab_stack_and_reset_area) refers to entry.o(.ARM.Collect$$$$00000000) for __main
    entry5.o(.ARM.Collect$$$$00000004) refers to init.o(.text) for __scatterload
    entry9a.o(.ARM.Collect$$$$0000000B) refers to main.o(.text) for main
    entry9b.o(.ARM.Collect$$$$0000000C) refers to main.o(.text) for main
    depilogue.o(.text) refers to depilogue.o(i.__ARM_clz) for __ARM_clz
    depilogue.o(.text) refers to llshl.o(.text) for __aeabi_llsl
    depilogue.o(.text) refers to llushr.o(.text) for __aeabi_llsr
    init.o(.text) refers to entry5.o(.ARM.Collect$$$$00000004) for __main_after_scatterload


==============================================================================

Removing Unused input sections from the image.

    Removing boot_vectors.o(HEAP), (256 bytes).
    Removing system_armcm0.o(.rev16_text), (4 bytes).
    Removing system_armcm0.o(.revsh_text), (4 bytes).
    Removing gpio.o(.rev16_text), (4 bytes).
    Removing gpio.o(.revsh_text), (4 bytes).
    Removing uart2.o(.rev16_text), (4 bytes).
    Removing uart2.o(.revsh_text), (4 bytes).
    Removing common_uart.o(.rev16_text), (4 bytes).
    Removing common_uart.o(.revsh_text), (4 bytes).
    Removing main.o(.rev16_text), (4 bytes).
    Removing main.o(.revsh_text), (4 bytes).
    Removing user_periph_setup.o(.rev16_text), (4 bytes).
    Removing user_periph_setup.o(.revsh_text), (4 bytes).

13 unused section(s) (total 304 bytes) removed from the image.

==============================================================================

Image Symbol Table

    Local Symbols

    Symbol Name                              Value     Ov Type        Size  Object(Section)

    ../clib/microlib/division.c              0x00000000   Number         0  idiv.o ABSOLUTE
    ../clib/microlib/division.c              0x00000000   Number         0  uidiv.o ABSOLUTE
    ../clib/microlib/init/entry.s            0x00000000   Number         0  entry9b.o ABSOLUTE
    ../clib/microlib/init/entry.s            0x00000000   Number         0  entry10a.o ABSOLUTE
    ../clib/microlib/init/entry.s            0x00000000   Number         0  entry11b.o ABSOLUTE
    ../clib/microlib/init/entry.s            0x00000000   Number         0  entry9a.o ABSOLUTE
    ../clib/microlib/init/entry.s            0x00000000   Number         0  entry8b.o ABSOLUTE
    ../clib/microlib/init/entry.s            0x00000000   Number         0  entry11a.o ABSOLUTE
    ../clib/microlib/init/entry.s            0x00000000   Number         0  entry10b.o ABSOLUTE
    ../clib/microlib/init/entry.s            0x00000000   Number         0  entry8a.o ABSOLUTE
    ../clib/microlib/init/entry.s            0x00000000   Number         0  entry.o ABSOLUTE
    ../clib/microlib/init/entry.s            0x00000000   Number         0  entry7b.o ABSOLUTE
    ../clib/microlib/init/entry.s            0x00000000   Number         0  entry7a.o ABSOLUTE
    ../clib/microlib/init/entry.s            0x00000000   Number         0  entry5.o ABSOLUTE
    ../clib/microlib/init/entry.s            0x00000000   Number         0  entry2.o ABSOLUTE
    ../clib/microlib/longlong.c              0x00000000   Number         0  llushr.o ABSOLUTE
    ../clib/microlib/longlong.c              0x00000000   Number         0  llshl.o ABSOLUTE
    ../clib/microlib/string/strlen.c         0x00000000   Number         0  strlen.o ABSOLUTE
    ../clib/microlib/stubs.s                 0x00000000   Number         0  iusefp.o ABSOLUTE
    ../fplib/microlib/d2f.c                  0x00000000   Number         0  d2f.o ABSOLUTE
    ../fplib/microlib/f2d.c                  0x00000000   Number         0  f2d.o ABSOLUTE
    ../fplib/microlib/fpdiv.c                0x00000000   Number         0  ddiv.o ABSOLUTE
    ../fplib/microlib/fpepilogue.c           0x00000000   Number         0  depilogue.o ABSOLUTE
    ../fplib/microlib/fpepilogue.c           0x00000000   Number         0  fepilogue.o ABSOLUTE
    ../fplib/microlib/fpfix.c                0x00000000   Number         0  ffixi.o ABSOLUTE
    ../fplib/microlib/fpfix.c                0x00000000   Number         0  dfixui.o ABSOLUTE
    ../fplib/microlib/fpflt.c                0x00000000   Number         0  ffltui.o ABSOLUTE
    ../fplib/microlib/fpflt.c                0x00000000   Number         0  dfltui.o ABSOLUTE
    ../fplib/microlib/fpmul.c                0x00000000   Number         0  dmul.o ABSOLUTE
    ../fplib/microlib/fpmul.c                0x00000000   Number         0  fmul.o ABSOLUTE
    ..\..\..\..\..\..\sdk\platform\driver\adc\adc.c 0x00000000   Number         0  adc.o ABSOLUTE
    ..\..\..\..\..\..\sdk\platform\driver\battery\battery.c 0x00000000   Number         0  battery.o ABSOLUTE
    ..\..\..\..\..\..\sdk\platform\driver\gpio\gpio.c 0x00000000   Number         0  gpio.o ABSOLUTE
    ..\..\..\..\..\..\sdk\platform\driver\uart\uart2.c 0x00000000   Number         0  uart2.o ABSOLUTE
    ..\..\..\shared\common_uart\common_uart.c 0x00000000   Number         0  common_uart.o ABSOLUTE
    ..\..\..\shared\startup\boot_vectors.s   0x00000000   Number         0  boot_vectors.o ABSOLUTE
    ..\..\..\shared\startup\per_ex_hard_fault.c 0x00000000   Number         0  per_ex_hard_fault.o ABSOLUTE
    ..\..\..\shared\startup\system_ARMCM0.c  0x00000000   Number         0  system_armcm0.o ABSOLUTE
    ..\\..\\..\\..\\..\\..\\sdk\\platform\\driver\\gpio\\gpio.c 0x00000000   Number         0  gpio.o ABSOLUTE
    ..\\..\\..\\..\\..\\..\\sdk\\platform\\driver\\uart\\uart2.c 0x00000000   Number         0  uart2.o ABSOLUTE
    ..\\..\\..\\shared\\common_uart\\common_uart.c 0x00000000   Number         0  common_uart.o ABSOLUTE
    ..\\..\\..\\shared\\startup\\system_ARMCM0.c 0x00000000   Number         0  system_armcm0.o ABSOLUTE
    ..\\src\\main.c                          0x00000000   Number         0  main.o ABSOLUTE
    ..\\src\\user_periph_setup.c             0x00000000   Number         0  user_periph_setup.o ABSOLUTE
    ..\src\main.c                            0x00000000   Number         0  main.o ABSOLUTE
    ..\src\user_periph_setup.c               0x00000000   Number         0  user_periph_setup.o ABSOLUTE
    dc.s                                     0x00000000   Number         0  dc.o ABSOLUTE
    handlers.s                               0x00000000   Number         0  handlers.o ABSOLUTE
    init.s                                   0x00000000   Number         0  init.o ABSOLUTE
    RESET                                    0x20000000   Section      160  boot_vectors.o(RESET)
    .ARM.Collect$$$$00000000                 0x200000a0   Section        0  entry.o(.ARM.Collect$$$$00000000)
    .ARM.Collect$$$$00000001                 0x200000a0   Section        4  entry2.o(.ARM.Collect$$$$00000001)
    .ARM.Collect$$$$00000004                 0x200000a4   Section        4  entry5.o(.ARM.Collect$$$$00000004)
    .ARM.Collect$$$$00000008                 0x200000a8   Section        0  entry7b.o(.ARM.Collect$$$$00000008)
    .ARM.Collect$$$$0000000A                 0x200000a8   Section        0  entry8b.o(.ARM.Collect$$$$0000000A)
    .ARM.Collect$$$$0000000B                 0x200000a8   Section        8  entry9a.o(.ARM.Collect$$$$0000000B)
    .ARM.Collect$$$$0000000D                 0x200000b0   Section        0  entry10a.o(.ARM.Collect$$$$0000000D)
    .ARM.Collect$$$$0000000F                 0x200000b0   Section        0  entry11a.o(.ARM.Collect$$$$0000000F)
    .ARM.Collect$$$$00002712                 0x200000b0   Section        4  entry2.o(.ARM.Collect$$$$00002712)
    __lit__00000000                          0x200000b0   Data           4  entry2.o(.ARM.Collect$$$$00002712)
    .text                                    0x200000b4   Section       28  boot_vectors.o(.text)
    .text                                    0x200000d0   Section        0  system_armcm0.o(.text)
    .text                                    0x2000012c   Section        0  per_ex_hard_fault.o(.text)
    .text                                    0x20000130   Section        0  gpio.o(.text)
    gpioshift16                              0x20000131   Thumb Code    34  gpio.o(.text)
    NVIC_SetPriority                         0x20000573   Thumb Code   110  gpio.o(.text)
    .text                                    0x200005e8   Section        0  battery.o(.text)
    battery_filter_value                     0x20000897   Thumb Code   154  battery.o(.text)
    .text                                    0x200009a8   Section        0  adc.o(.text)
    .text                                    0x20000b24   Section        0  uart2.o(.text)
    uart2_rec_data_avail_isr                 0x20000b25   Thumb Code   106  uart2.o(.text)
    uart2_rec_error_isr                      0x20000b8f   Thumb Code    46  uart2.o(.text)
    uart2_thr_empty_isr                      0x20000bbd   Thumb Code   108  uart2.o(.text)
    uart2_is_rx_fifo_empty                   0x20000c29   Thumb Code    22  uart2.o(.text)
    NVIC_SetPriority                         0x20000e01   Thumb Code   114  uart2.o(.text)
    .text                                    0x20000e88   Section        0  common_uart.o(.text)
    .text                                    0x20000fb4   Section        0  main.o(.text)
    .text                                    0x20001190   Section        0  user_periph_setup.o(.text)
    .text                                    0x200011f0   Section        0  idiv.o(.text)
    .text                                    0x20001218   Section        0  strlen.o(.text)
    .text                                    0x20001226   Section        0  fmul.o(.text)
    .text                                    0x200012a0   Section        0  dmul.o(.text)
    .text                                    0x20001370   Section        0  ddiv.o(.text)
    .text                                    0x20001460   Section        0  ffltui.o(.text)
    .text                                    0x20001470   Section        0  dfltui.o(.text)
    .text                                    0x2000148c   Section        0  ffixi.o(.text)
    .text                                    0x200014c0   Section        0  dfixui.o(.text)
    .text                                    0x200014fc   Section        0  f2d.o(.text)
    .text                                    0x20001524   Section        0  d2f.o(.text)
    .text                                    0x2000155c   Section        0  uidiv.o(.text)
    .text                                    0x20001588   Section        0  llushr.o(.text)
    .text                                    0x200015aa   Section        0  iusefp.o(.text)
    .text                                    0x200015aa   Section        0  fepilogue.o(.text)
    .text                                    0x2000162c   Section        0  depilogue.o(.text)
    .text                                    0x200016ec   Section       36  init.o(.text)
    .text                                    0x20001710   Section        0  llshl.o(.text)
    i.__ARM_clz                              0x20001730   Section        0  depilogue.o(i.__ARM_clz)
    i.__scatterload_copy                     0x2000175e   Section       14  handlers.o(i.__scatterload_copy)
    i.__scatterload_null                     0x2000176c   Section        2  handlers.o(i.__scatterload_null)
    i.__scatterload_zeroinit                 0x2000176e   Section       14  handlers.o(i.__scatterload_zeroinit)
    .bss                                     0x2000178c   Section       20  gpio.o(.bss)
    retention_mem_area0                      0x200017a0   Section        8  battery.o(retention_mem_area0)
    old_value                                0x200017a0   Data           4  battery.o(retention_mem_area0)
    old_value                                0x200017a4   Data           4  battery.o(retention_mem_area0)
    retention_mem_area0                      0x200017a8   Section       28  uart2.o(retention_mem_area0)
    uart2_env                                0x200017a8   Data          28  uart2.o(retention_mem_area0)
    STACK                                    0x20009600   Section      512  boot_vectors.o(STACK)

    Global Symbols

    Symbol Name                              Value     Ov Type        Size  Object(Section)

    BuildAttributes$$THM_ISAv3M$S$PE$A:L22$X:L11$S22$IEEE1$IW$USESV6$~STKCKD$USESV7$~SHL$OTIME$ROPI$EBA8$MICROLIB$REQ8$PRES8$EABIv2 0x00000000   Number         0  anon$$obj.o ABSOLUTE
    __ARM_use_no_argv                        0x00000000   Number         0  main.o ABSOLUTE
    __cpp_initialize__aeabi_                  - Undefined Weak Reference
    __cxa_finalize                            - Undefined Weak Reference
    __decompress                              - Undefined Weak Reference
    _clock_init                               - Undefined Weak Reference
    _microlib_exit                            - Undefined Weak Reference
    __Vectors_Size                           0x000000a0   Number         0  boot_vectors.o ABSOLUTE
    __Vectors                                0x20000000   Data           4  boot_vectors.o(RESET)
    __Vectors_End                            0x200000a0   Data           0  boot_vectors.o(RESET)
    __main                                   0x200000a1   Thumb Code     0  entry.o(.ARM.Collect$$$$00000000)
    _main_stk                                0x200000a1   Thumb Code     0  entry2.o(.ARM.Collect$$$$00000001)
    _main_scatterload                        0x200000a5   Thumb Code     0  entry5.o(.ARM.Collect$$$$00000004)
    __main_after_scatterload                 0x200000a9   Thumb Code     0  entry5.o(.ARM.Collect$$$$00000004)
    _main_clock                              0x200000a9   Thumb Code     0  entry7b.o(.ARM.Collect$$$$00000008)
    _main_cpp_init                           0x200000a9   Thumb Code     0  entry8b.o(.ARM.Collect$$$$0000000A)
    _main_init                               0x200000a9   Thumb Code     0  entry9a.o(.ARM.Collect$$$$0000000B)
    __rt_final_cpp                           0x200000b1   Thumb Code     0  entry10a.o(.ARM.Collect$$$$0000000D)
    __rt_final_exit                          0x200000b1   Thumb Code     0  entry11a.o(.ARM.Collect$$$$0000000F)
    Reset_Handler                            0x200000b5   Thumb Code     8  boot_vectors.o(.text)
    NMI_Handler                              0x200000bd   Thumb Code     2  boot_vectors.o(.text)
    SVC_Handler                              0x200000c1   Thumb Code     2  boot_vectors.o(.text)
    PendSV_Handler                           0x200000c3   Thumb Code     2  boot_vectors.o(.text)
    SysTick_Handler                          0x200000c5   Thumb Code     2  boot_vectors.o(.text)
    ADC_Handler                              0x200000c7   Thumb Code     0  boot_vectors.o(.text)
    BLE_CRYPT_Handler                        0x200000c7   Thumb Code     0  boot_vectors.o(.text)
    BLE_CSCNT_Handler                        0x200000c7   Thumb Code     0  boot_vectors.o(.text)
    BLE_ERROR_Handler                        0x200000c7   Thumb Code     0  boot_vectors.o(.text)
    BLE_EVENT_Handler                        0x200000c7   Thumb Code     0  boot_vectors.o(.text)
    BLE_FINETGTIM_Handler                    0x200000c7   Thumb Code     0  boot_vectors.o(.text)
    BLE_GROSSTGTIM_Handler                   0x200000c7   Thumb Code     0  boot_vectors.o(.text)
    BLE_RADIOCNTL_Handler                    0x200000c7   Thumb Code     0  boot_vectors.o(.text)
    BLE_RX_Handler                           0x200000c7   Thumb Code     0  boot_vectors.o(.text)
    BLE_SLP_Handler                          0x200000c7   Thumb Code     0  boot_vectors.o(.text)
    BLE_WAKEUP_LP_Handler                    0x200000c7   Thumb Code     0  boot_vectors.o(.text)
    I2C_Handler                              0x200000c7   Thumb Code     0  boot_vectors.o(.text)
    KEYBRD_Handler                           0x200000c7   Thumb Code     0  boot_vectors.o(.text)
    RFCAL_Handler                            0x200000c7   Thumb Code     0  boot_vectors.o(.text)
    SPI_Handler                              0x200000c7   Thumb Code     0  boot_vectors.o(.text)
    SWTIM_Handler                            0x200000c7   Thumb Code     0  boot_vectors.o(.text)
    UART_Handler                             0x200000c7   Thumb Code     0  boot_vectors.o(.text)
    WKUP_QUADEC_Handler                      0x200000c7   Thumb Code     0  boot_vectors.o(.text)
    SystemInit                               0x200000d1   Thumb Code    82  system_armcm0.o(.text)
    HardFault_Handler                        0x2000012d   Thumb Code     4  per_ex_hard_fault.o(.text)
    GPIO_init                                0x20000153   Thumb Code     2  gpio.o(.text)
    GPIO_SetPinFunction                      0x20000155   Thumb Code    28  gpio.o(.text)
    GPIO_SetInactive                         0x20000171   Thumb Code    24  gpio.o(.text)
    GPIO_SetActive                           0x20000189   Thumb Code    24  gpio.o(.text)
    GPIO_ConfigurePin                        0x200001a1   Thumb Code    46  gpio.o(.text)
    GPIO_ConfigurePinPower                   0x200001cf   Thumb Code    66  gpio.o(.text)
    GPIO_GetPinStatus                        0x20000211   Thumb Code    36  gpio.o(.text)
    GPIO_EnableIRQ                           0x20000235   Thumb Code   250  gpio.o(.text)
    GPIO_GetIRQInputLevel                    0x2000032f   Thumb Code   334  gpio.o(.text)
    GPIO_SetIRQInputLevel                    0x2000047d   Thumb Code    48  gpio.o(.text)
    GPIO_ResetIRQ                            0x200004ad   Thumb Code    46  gpio.o(.text)
    GPIO_RegisterCallback                    0x200004db   Thumb Code    20  gpio.o(.text)
    GPIOn_Handler                            0x200004ef   Thumb Code    58  gpio.o(.text)
    GPIO0_Handler                            0x20000529   Thumb Code    10  gpio.o(.text)
    GPIO1_Handler                            0x20000533   Thumb Code    34  gpio.o(.text)
    GPIO2_Handler                            0x20000555   Thumb Code    10  gpio.o(.text)
    GPIO3_Handler                            0x2000055f   Thumb Code    10  gpio.o(.text)
    GPIO4_Handler                            0x20000569   Thumb Code    10  gpio.o(.text)
    batt_cal_cr2032                          0x200005e9   Thumb Code   132  battery.o(.text)
    batt_cal_cr1225                          0x2000066d   Thumb Code    38  battery.o(.text)
    batt_cal_aaa                             0x20000693   Thumb Code    86  battery.o(.text)
    batt_cal_beiliang_1380mA                 0x200006e9   Thumb Code    90  battery.o(.text)
    adc_usDelay2                             0x20000743   Thumb Code    34  battery.o(.text)
    battery_get_lvl                          0x20000765   Thumb Code   306  battery.o(.text)
    adc_init                                 0x200009a9   Thumb Code    38  adc.o(.text)
    adc_enable_channel                       0x200009cf   Thumb Code    22  adc.o(.text)
    adc_disable                              0x200009e5   Thumb Code     8  adc.o(.text)
    adc_get_sample                           0x200009ed   Thumb Code    50  adc.o(.text)
    adc_usDelay                              0x20000a1f   Thumb Code    34  adc.o(.text)
    adc_get_vbat_sample                      0x20000a41   Thumb Code    98  adc.o(.text)
    adc_calibrate                            0x20000aa3   Thumb Code   118  adc.o(.text)
    uart2_init                               0x20000c3f   Thumb Code   132  uart2.o(.text)
    uart2_flow_on                            0x20000cc3   Thumb Code     8  uart2.o(.text)
    uart2_flow_off                           0x20000ccb   Thumb Code    90  uart2.o(.text)
    uart2_finish_transfers                   0x20000d25   Thumb Code    66  uart2.o(.text)
    uart2_read                               0x20000d67   Thumb Code    28  uart2.o(.text)
    uart2_write                              0x20000d83   Thumb Code    52  uart2.o(.text)
    UART2_Handler                            0x20000db7   Thumb Code    74  uart2.o(.text)
    printf_byte                              0x20000e89   Thumb Code    96  common_uart.o(.text)
    printf_string                            0x20000ee9   Thumb Code    28  common_uart.o(.text)
    print_hword                              0x20000f05   Thumb Code    20  common_uart.o(.text)
    print_word                               0x20000f19   Thumb Code    34  common_uart.o(.text)
    reverse                                  0x20000f3b   Thumb Code    34  common_uart.o(.text)
    itoa                                     0x20000f5d   Thumb Code    68  common_uart.o(.text)
    printf_byte_dec                          0x20000fa1   Thumb Code    20  common_uart.o(.text)
    delay_ms                                 0x20000fb5   Thumb Code    30  main.o(.text)
    delay_s                                  0x20000fd3   Thumb Code    40  main.o(.text)
    batt_test                                0x20000ffb   Thumb Code    64  main.o(.text)
    system_init                              0x2000103b   Thumb Code    64  main.o(.text)
    main                                     0x2000107b   Thumb Code   108  main.o(.text)
    delay_us                                 0x200010e7   Thumb Code    20  main.o(.text)
    periph_init                              0x20001191   Thumb Code    96  user_periph_setup.o(.text)
    __aeabi_idiv                             0x200011f1   Thumb Code     0  idiv.o(.text)
    __aeabi_idivmod                          0x200011f1   Thumb Code    40  idiv.o(.text)
    strlen                                   0x20001219   Thumb Code    14  strlen.o(.text)
    __aeabi_fmul                             0x20001227   Thumb Code   122  fmul.o(.text)
    __aeabi_dmul                             0x200012a1   Thumb Code   202  dmul.o(.text)
    __aeabi_ddiv                             0x20001371   Thumb Code   234  ddiv.o(.text)
    __aeabi_ui2f                             0x20001461   Thumb Code    14  ffltui.o(.text)
    __aeabi_ui2d                             0x20001471   Thumb Code    24  dfltui.o(.text)
    __aeabi_f2iz                             0x2000148d   Thumb Code    50  ffixi.o(.text)
    __aeabi_d2uiz                            0x200014c1   Thumb Code    50  dfixui.o(.text)
    __aeabi_f2d                              0x200014fd   Thumb Code    40  f2d.o(.text)
    __aeabi_d2f                              0x20001525   Thumb Code    56  d2f.o(.text)
    __aeabi_uidiv                            0x2000155d   Thumb Code     0  uidiv.o(.text)
    __aeabi_uidivmod                         0x2000155d   Thumb Code    44  uidiv.o(.text)
    __aeabi_llsr                             0x20001589   Thumb Code    34  llushr.o(.text)
    _ll_ushift_r                             0x20001589   Thumb Code     0  llushr.o(.text)
    __I$use$fp                               0x200015ab   Thumb Code     0  iusefp.o(.text)
    _float_round                             0x200015ab   Thumb Code    16  fepilogue.o(.text)
    _float_epilogue                          0x200015bb   Thumb Code   114  fepilogue.o(.text)
    _double_round                            0x2000162d   Thumb Code    26  depilogue.o(.text)
    _double_epilogue                         0x20001647   Thumb Code   164  depilogue.o(.text)
    __scatterload                            0x200016ed   Thumb Code    28  init.o(.text)
    __scatterload_rt2                        0x200016ed   Thumb Code     0  init.o(.text)
    __aeabi_llsl                             0x20001711   Thumb Code    32  llshl.o(.text)
    _ll_shift_l                              0x20001711   Thumb Code     0  llshl.o(.text)
    __ARM_clz                                0x20001731   Thumb Code    46  depilogue.o(i.__ARM_clz)
    __scatterload_copy                       0x2000175f   Thumb Code    14  handlers.o(i.__scatterload_copy)
    __scatterload_null                       0x2000176d   Thumb Code     2  handlers.o(i.__scatterload_null)
    __scatterload_zeroinit                   0x2000176f   Thumb Code    14  handlers.o(i.__scatterload_zeroinit)
    Region$$Table$$Base                      0x2000177c   Number         0  anon$$obj.o(Region$$Table)
    GPIOHandlerFunction                      0x2000178c   Data          20  gpio.o(.bss)
    Region$$Table$$Limit                     0x2000178c   Number         0  anon$$obj.o(Region$$Table)
    __initial_sp                             0x20009800   Data           0  boot_vectors.o(STACK)



==============================================================================

Memory Map of the image

  Image Entry point : 0x200000a1

  Load Region LR_IROM1 (Base: 0x20000000, Size: 0x0000178c, Max: 0x00009800, ABSOLUTE)

    Execution Region ER_IROM1 (Exec base: 0x20000000, Load base: 0x20000000, Size: 0x0000178c, Max: 0x00008000, ABSOLUTE)

    Exec Addr    Load Addr    Size         Type   Attr      Idx    E Section Name        Object

    0x20000000   0x20000000   0x000000a0   Data   RO            3    RESET               boot_vectors.o
    0x200000a0   0x200000a0   0x00000000   Code   RO          275  * .ARM.Collect$$$$00000000  mc_p.l(entry.o)
    0x200000a0   0x200000a0   0x00000004   Code   RO          300    .ARM.Collect$$$$00000001  mc_p.l(entry2.o)
    0x200000a4   0x200000a4   0x00000004   Code   RO          303    .ARM.Collect$$$$00000004  mc_p.l(entry5.o)
    0x200000a8   0x200000a8   0x00000000   Code   RO          305    .ARM.Collect$$$$00000008  mc_p.l(entry7b.o)
    0x200000a8   0x200000a8   0x00000000   Code   RO          307    .ARM.Collect$$$$0000000A  mc_p.l(entry8b.o)
    0x200000a8   0x200000a8   0x00000008   Code   RO          308    .ARM.Collect$$$$0000000B  mc_p.l(entry9a.o)
    0x200000b0   0x200000b0   0x00000000   Code   RO          310    .ARM.Collect$$$$0000000D  mc_p.l(entry10a.o)
    0x200000b0   0x200000b0   0x00000000   Code   RO          312    .ARM.Collect$$$$0000000F  mc_p.l(entry11a.o)
    0x200000b0   0x200000b0   0x00000004   Code   RO          301    .ARM.Collect$$$$00002712  mc_p.l(entry2.o)
    0x200000b4   0x200000b4   0x0000001c   Code   RO            4    .text               boot_vectors.o
    0x200000d0   0x200000d0   0x0000005c   Code   RO           12    .text               system_armcm0.o
    0x2000012c   0x2000012c   0x00000004   Code   RO           59    .text               per_ex_hard_fault.o
    0x20000130   0x20000130   0x000004b8   Code   RO           70    .text               gpio.o
    0x200005e8   0x200005e8   0x000003c0   Code   RO          122    .text               battery.o
    0x200009a8   0x200009a8   0x0000017c   Code   RO          153    .text               adc.o
    0x20000b24   0x20000b24   0x00000364   Code   RO          167    .text               uart2.o
    0x20000e88   0x20000e88   0x0000012c   Code   RO          204    .text               common_uart.o
    0x20000fb4   0x20000fb4   0x000001dc   Code   RO          230    .text               main.o
    0x20001190   0x20001190   0x00000060   Code   RO          257    .text               user_periph_setup.o
    0x200011f0   0x200011f0   0x00000028   Code   RO          278    .text               mc_p.l(idiv.o)
    0x20001218   0x20001218   0x0000000e   Code   RO          280    .text               mc_p.l(strlen.o)
    0x20001226   0x20001226   0x0000007a   Code   RO          282    .text               mf_p.l(fmul.o)
    0x200012a0   0x200012a0   0x000000d0   Code   RO          284    .text               mf_p.l(dmul.o)
    0x20001370   0x20001370   0x000000f0   Code   RO          286    .text               mf_p.l(ddiv.o)
    0x20001460   0x20001460   0x0000000e   Code   RO          288    .text               mf_p.l(ffltui.o)
    0x2000146e   0x2000146e   0x00000002   PAD
    0x20001470   0x20001470   0x0000001c   Code   RO          290    .text               mf_p.l(dfltui.o)
    0x2000148c   0x2000148c   0x00000032   Code   RO          292    .text               mf_p.l(ffixi.o)
    0x200014be   0x200014be   0x00000002   PAD
    0x200014c0   0x200014c0   0x0000003c   Code   RO          294    .text               mf_p.l(dfixui.o)
    0x200014fc   0x200014fc   0x00000028   Code   RO          296    .text               mf_p.l(f2d.o)
    0x20001524   0x20001524   0x00000038   Code   RO          298    .text               mf_p.l(d2f.o)
    0x2000155c   0x2000155c   0x0000002c   Code   RO          314    .text               mc_p.l(uidiv.o)
    0x20001588   0x20001588   0x00000022   Code   RO          316    .text               mc_p.l(llushr.o)
    0x200015aa   0x200015aa   0x00000000   Code   RO          318    .text               mc_p.l(iusefp.o)
    0x200015aa   0x200015aa   0x00000082   Code   RO          319    .text               mf_p.l(fepilogue.o)
    0x2000162c   0x2000162c   0x000000be   Code   RO          321    .text               mf_p.l(depilogue.o)
    0x200016ea   0x200016ea   0x00000002   PAD
    0x200016ec   0x200016ec   0x00000024   Code   RO          325    .text               mc_p.l(init.o)
    0x20001710   0x20001710   0x00000020   Code   RO          327    .text               mc_p.l(llshl.o)
    0x20001730   0x20001730   0x0000002e   Code   RO          323    i.__ARM_clz         mf_p.l(depilogue.o)
    0x2000175e   0x2000175e   0x0000000e   Code   RO          331    i.__scatterload_copy  mc_p.l(handlers.o)
    0x2000176c   0x2000176c   0x00000002   Code   RO          332    i.__scatterload_null  mc_p.l(handlers.o)
    0x2000176e   0x2000176e   0x0000000e   Code   RO          333    i.__scatterload_zeroinit  mc_p.l(handlers.o)
    0x2000177c   0x2000177c   0x00000010   Data   RO          329    Region$$Table       anon$$obj.o


    Execution Region ER_IROM2 (Exec base: 0x2000178c, Load base: 0x2000178c, Size: 0x00000038, Max: 0xffffffff, ABSOLUTE)

    Exec Addr    Load Addr    Size         Type   Attr      Idx    E Section Name        Object

    0x2000178c        -       0x00000014   Zero   RW           71    .bss                gpio.o
    0x200017a0        -       0x00000008   Zero   RW          123    retention_mem_area0  battery.o
    0x200017a8        -       0x0000001c   Zero   RW          168    retention_mem_area0  uart2.o


    Execution Region RW_IRAM1 (Exec base: 0x20009600, Load base: 0x2000178c, Size: 0x00000200, Max: 0x00000200, ABSOLUTE, UNINIT)

    Exec Addr    Load Addr    Size         Type   Attr      Idx    E Section Name        Object

    0x20009600        -       0x00000200   Zero   RW            1    STACK               boot_vectors.o


==============================================================================

Image component sizes


      Code (inc. data)   RO Data    RW Data    ZI Data      Debug   Object Name

       380         12          0          0          0       1923   adc.o
       960        120          0          0          8       3561   battery.o
        28          8        160          0        512        700   boot_vectors.o
       300          0          0          0          0       1840   common_uart.o
      1208         32          0          0         20      13544   gpio.o
       476        150          0          0          0       1363   main.o
         4          0          0          0          0        504   per_ex_hard_fault.o
        92         10          0          0          0     100537   system_armcm0.o
       868         22          0          0         28      25238   uart2.o
        96          0          0          0          0        506   user_periph_setup.o

    ----------------------------------------------------------------------
      4412        354        176          0        568     149716   Object Totals
         0          0         16          0          0          0   (incl. Generated)
         0          0          0          0          0          0   (incl. Padding)

    ----------------------------------------------------------------------

      Code (inc. data)   RO Data    RW Data    ZI Data      Debug   Library Member Name

         0          0          0          0          0          0   entry.o
         0          0          0          0          0          0   entry10a.o
         0          0          0          0          0          0   entry11a.o
         8          4          0          0          0          0   entry2.o
         4          0          0          0          0          0   entry5.o
         0          0          0          0          0          0   entry7b.o
         0          0          0          0          0          0   entry8b.o
         8          4          0          0          0          0   entry9a.o
        30          0          0          0          0          0   handlers.o
        40          0          0          0          0         72   idiv.o
        36          8          0          0          0         68   init.o
         0          0          0          0          0          0   iusefp.o
        32          0          0          0          0         68   llshl.o
        34          0          0          0          0         68   llushr.o
        14          0          0          0          0         60   strlen.o
        44          0          0          0          0         72   uidiv.o
        56          0          0          0          0         68   d2f.o
       240          6          0          0          0         84   ddiv.o
       236          0          0          0          0        216   depilogue.o
        60         10          0          0          0         68   dfixui.o
        28          4          0          0          0         68   dfltui.o
       208          6          0          0          0         88   dmul.o
        40          0          0          0          0         60   f2d.o
       130          0          0          0          0        144   fepilogue.o
        50          0          0          0          0         60   ffixi.o
        14          0          0          0          0         68   ffltui.o
       122          0          0          0          0         72   fmul.o

    ----------------------------------------------------------------------
      1440         42          0          0          0       1404   Library Totals
         6          0          0          0          0          0   (incl. Padding)

    ----------------------------------------------------------------------

      Code (inc. data)   RO Data    RW Data    ZI Data      Debug   Library Name

       250         16          0          0          0        408   mc_p.l
      1184         26          0          0          0        996   mf_p.l

    ----------------------------------------------------------------------
      1440         42          0          0          0       1404   Library Totals

    ----------------------------------------------------------------------

==============================================================================


      Code (inc. data)   RO Data    RW Data    ZI Data      Debug   

      5852        396        176          0        568     150084   Grand Totals
      5852        396        176          0        568     150084   ELF Image Totals
      5852        396        176          0          0          0   ROM Totals

==============================================================================

    Total RO  Size (Code + RO Data)                 6028 (   5.89kB)
    Total RW  Size (RW Data + ZI Data)               568 (   0.55kB)
    Total ROM Size (Code + RO Data + RW Data)       6028 (   5.89kB)

==============================================================================

