Component: ARM Compiler 5.06 update 5 (build 528) Tool: armlink [4d35e2]

==============================================================================

Section Cross References

    boot_vectors.o(RESET) refers to boot_vectors.o(STACK) for __initial_sp
    boot_vectors.o(RESET) refers to boot_vectors.o(.text) for Reset_Handler
    boot_vectors.o(RESET) refers to rwble.o(.text) for BLE_WAKEUP_LP_Handler
    boot_vectors.o(RESET) refers to pwm.o(.text) for SWTIM_Handler
    boot_vectors.o(RESET) refers to uart.o(.text) for UART_Handler
    boot_vectors.o(RESET) refers to gpio.o(.text) for GPIO0_Handler
    boot_vectors.o(.text) refers to system_armcm0.o(.text) for SystemInit
    boot_vectors.o(.text) refers to entry.o(.ARM.Collect$$$$00000000) for __main
    boot_vectors.o(.text) refers to nmi_handler.o(.text) for NMI_HandlerC
    boot_vectors.o(.text) refers to hardfault_handler.o(.text) for HardFault_HandlerC
    boot_vectors.o(.text) refers to arch_main.o(.text) for SVC_Handler_c
    arch_main.o(.text) refers to arch_system.o(.text) for set_sleep_delay
    arch_main.o(.text) refers to gpio.o(i.GPIO_GetPinStatus) for GPIO_GetPinStatus
    arch_main.o(.text) refers to gpio.o(i.GPIO_SetActive) for GPIO_SetActive
    arch_main.o(.text) refers to uart.o(.text) for printf_string
    arch_main.o(.text) refers to app.o(.text) for app_timer_set
    arch_main.o(.text) refers to periph_setup.o(.text) for delay_us
    arch_main.o(.text) refers to gpio.o(i.GPIO_SetInactive) for GPIO_SetInactive
    arch_main.o(.text) refers to gpio.o(i.GPIO_init) for GPIO_init
    arch_main.o(.text) refers to spi_flash.o(.text) for spi_read_flash_unique_id
    arch_main.o(.text) refers to gpio.o(i.GPIO_ConfigurePin) for GPIO_ConfigurePin
    arch_main.o(.text) refers to arch_main.o(.constdata) for .constdata
    arch_main.o(.text) refers to arch_main.o(.bss) for .bss
    arch_main.o(.text) refers to arch_main.o(.data) for .data
    arch_main.o(.text) refers to app_throughput_peripheral_proj.o(.bss) for ResetCnt
    arch_main.o(.text) refers to pwm.o(.bss) for iSecCount
    arch_main.o(.text) refers to gpio.o(.bss) for count_present
    arch_main.o(.text) refers to arch_main.o(retention_mem_area0) for retention_mem_area0
    arch_main.o(.text) refers to nvds.o(nvds_data_storage_area) for nvds_data_storage
    arch_main.o(.text) refers to nvds.o(.text) for nvds_read_bdaddr_from_otp
    arch_main.o(.text) refers to rf_580.o(.text) for iq_trim_from_otp
    arch_main.o(.text) refers to arch_sleep.o(.text) for app_disable_sleep
    arch_main.o(.text) refers to rwip.o(.text) for rwip_sleep
    arch_main.o(.text) refers to arch_main.o(BLE_exchange_memory) for BLE_exchange_memory
    arch_main.o(.text) refers to arch_system.o(retention_mem_area0) for lp_clk_sel
    arch_main.o(.text) refers to jump_table.o(jump_table_mem_area) for jump_table_base
    arch_main.o(.text) refers to ddiv.o(.text) for __aeabi_ddiv
    arch_main.o(.text) refers to dfixui.o(.text) for __aeabi_d2uiz
    arch_main.o(.text) refers to prf_utils.o(.text) for prf_server_send_event
    arch_main.o(.text) refers to periph_setup.o(.bss) for alarm_temp
    arch_main.o(.text) refers to periph_setup.o(.data) for alarm_sta
    arch_main.o(.text) refers to app_throughput_peripheral_proj.o(.bss) for uBatRemainPercentMA
    arch_main.o(.text) refers to app.o(.bss) for M10_Master_conready
    arch_main.o(.text) refers to streamdatad.o(.bss) for streamdatad_env
    arch_main.o(.text) refers to adc.o(.text) for adc_enable_channel
    arch_main.o(.text) refers to dadd.o(.text) for __aeabi_dsub
    arch_main.o(.constdata) refers to arch_main.o(.text) for cmp_abs_time
    arch_main.o(.constdata) refers to atts_task.obj(.text) for l2cc_pdu_recv_ind_handler
    arch_main.o(.constdata) refers to smpc.obj(.text) for smpc_send_pairing_req_ind
    arch_main.o(.constdata) refers to smpc_task.obj(.text) for smpc_pairing_cfm_handler
    arch_main.o(.constdata) refers to ch_map.obj(.text) for my_llc_con_update_req_ind
    arch_main.o(.constdata) refers to gapm_util.obj(.text) for patched_gapm_adv_op_sanity
    arch_main.o(.data) refers to arch_main.o(.bss) for txBuffer
    jump_table.o(jump_table_mem_area) refers to arch_main.o(.text) for main_func
    jump_table.o(jump_table_mem_area) refers to rf_580.o(.text) for rf_init_func
    jump_table.o(jump_table_mem_area) refers to prf_utils.o(.text) for prf_init_func
    jump_table.o(jump_table_mem_area) refers to arch_system.o(.text) for uart_flow_off_func
    jump_table.o(jump_table_mem_area) refers to rwble.o(.text) for lld_sleep_compensate_func_patched
    jump_table.o(jump_table_mem_area) refers to jump_table.o(heap_mem_area_not_ret) for rwip_heap_non_ret
    jump_table.o(jump_table_mem_area) refers to jump_table.o(heap_env_area) for rwip_heap_env_ret
    jump_table.o(jump_table_mem_area) refers to jump_table.o(heap_db_area) for rwip_heap_db_ret
    jump_table.o(jump_table_mem_area) refers to jump_table.o(heap_msg_area) for rwip_heap_msg_ret
[...]
    get_rc16m_count_func                     0x20001e81   Thumb Code    28  arch_system.o(.text)
    conditionally_run_radio_cals             0x20001e9d   Thumb Code    82  arch_system.o(.text)
    lld_sleep_us_2_lpcycles_rcx_func         0x20001eef   Thumb Code    18  arch_system.o(.text)
    lld_sleep_lpcycles_2_us_rcx_func         0x20001f01   Thumb Code    14  arch_system.o(.text)
    lld_sleep_us_2_lpcycles_sel_func         0x20001f0f   Thumb Code    24  arch_system.o(.text)
    lld_sleep_lpcycles_2_us_sel_func         0x20001f27   Thumb Code    24  arch_system.o(.text)
    uart_flow_off_func                       0x20001f3f   Thumb Code    58  arch_system.o(.text)
    calculate_arch_adv_time                  0x20001f79   Thumb Code    12  arch_system.o(.text)
    iq_trim_from_otp                         0x20001fc5   Thumb Code    54  rf_580.o(.text)
    rf_reg_rd                                0x20001ffb   Thumb Code     4  rf_580.o(.text)
    rf_reg_wr                                0x20001fff   Thumb Code     2  rf_580.o(.text)
    rf_reset                                 0x20002001   Thumb Code     2  rf_580.o(.text)
    rf_force_agc_enable                      0x20002003   Thumb Code     2  rf_580.o(.text)
    rf_txpwr_dbm_get                         0x20002005   Thumb Code     4  rf_580.o(.text)
    rf_regs                                  0x20002019   Thumb Code   214  rf_580.o(.text)
    rf_init_func                             0x200020f3   Thumb Code   138  rf_580.o(.text)
    rf_reinit_func                           0x2000217d   Thumb Code   128  rf_580.o(.text)
    GPIOn_Handler                            0x200022ad   Thumb Code    40  gpio.o(.text)
    GPIO0_Handler                            0x200022d5   Thumb Code     4  gpio.o(.text)
    GPIO1_Handler                            0x200022d9   Thumb Code    28  gpio.o(.text)
    GPIO2_Handler                            0x200022f5   Thumb Code     4  gpio.o(.text)
    GPIO3_Handler                            0x200022f9   Thumb Code     4  gpio.o(.text)
    GPIO4_Handler                            0x200022fd   Thumb Code     4  gpio.o(.text)
    uart_init                                0x2000230d   Thumb Code    66  uart.o(.text)
    uart_receive_byte                        0x2000234f   Thumb Code    14  uart.o(.text)
    uart_send_byte                           0x2000235d   Thumb Code    12  uart.o(.text)
    printf_string                            0x20002369   Thumb Code    20  uart.o(.text)
    printf_byte                              0x2000237d   Thumb Code    46  uart.o(.text)
    reverse                                  0x200023ab   Thumb Code    32  uart.o(.text)
    itoa                                     0x200023cb   Thumb Code    50  uart.o(.text)
    printf_byte_dec                          0x200023fd   Thumb Code    16  uart.o(.text)
    print_hword                              0x2000240d   Thumb Code    18  uart.o(.text)
    print_word                               0x2000241f   Thumb Code    34  uart.o(.text)
    UART_Handler                             0x20002441   Thumb Code    60  uart.o(.text)
    timer0_init                              0x2000248d   Thumb Code    62  pwm.o(.text)
    timer0_set                               0x200024cb   Thumb Code    10  pwm.o(.text)
    timer0_enable_irq                        0x200024d5   Thumb Code    10  pwm.o(.text)
    timer0_disable_irq                       0x200024df   Thumb Code    12  pwm.o(.text)
    SWTIM_Handler                            0x200024eb   Thumb Code   164  pwm.o(.text)
    timer2_init                              0x2000258f   Thumb Code    32  pwm.o(.text)
    adc_init                                 0x200025cd   Thumb Code    28  adc.o(.text)
    adc_enable_channel                       0x200025e9   Thumb Code    20  adc.o(.text)
    adc_disable                              0x200025fd   Thumb Code     8  adc.o(.text)
    adc_get_sample                           0x20002605   Thumb Code    30  adc.o(.text)
    adc_usDelay                              0x20002623   Thumb Code    30  adc.o(.text)
    adc_get_vbat_sample                      0x20002641   Thumb Code    88  adc.o(.text)
    adc_calibrate                            0x20002699   Thumb Code    76  adc.o(.text)
    spi_cs_low                               0x200026f5   Thumb Code    14  spi.o(.text)
    spi_cs_high                              0x20002703   Thumb Code    14  spi.o(.text)
    spi_init                                 0x20002711   Thumb Code   138  spi.o(.text)
    spi_set_bitmode                          0x2000279b   Thumb Code    34  spi.o(.text)
    spi_release                              0x200027bd   Thumb Code    38  spi.o(.text)
    spi_disable                              0x200027e3   Thumb Code    12  spi.o(.text)
    spi_access                               0x200027ef   Thumb Code    46  spi.o(.text)
    spi_transaction                          0x2000281d   Thumb Code    24  spi.o(.text)
    spi_flash_init                           0x2000283d   Thumb Code     8  spi_flash.o(.text)
    spi_flash_read_status_reg                0x20002845   Thumb Code    20  spi_flash.o(.text)
    spi_flash_wait_till_ready                0x20002859   Thumb Code    26  spi_flash.o(.text)
    spi_read_flash_jedec_id                  0x20002873   Thumb Code    60  spi_flash.o(.text)
    spi_flash_auto_detect                    0x200028af   Thumb Code    76  spi_flash.o(.text)
    spi_flash_set_write_enable               0x200028fb   Thumb Code    60  spi_flash.o(.text)
    spi_flash_write_enable_volatile          0x20002937   Thumb Code    60  spi_flash.o(.text)
    spi_flash_set_write_disable              0x20002973   Thumb Code    52  spi_flash.o(.text)
    spi_flash_write_status_reg               0x200029a7   Thumb Code    32  spi_flash.o(.text)
    spi_flash_read_data                      0x200029c7   Thumb Code    86  spi_flash.o(.text)
    spi_flash_page_program                   0x20002a1d   Thumb Code    90  spi_flash.o(.text)
    spi_flash_block_erase                    0x20002a77   Thumb Code    40  spi_flash.o(.text)
    spi_flash_chip_erase                     0x20002a9f   Thumb Code    36  spi_flash.o(.text)
    TO_BE_IMPLEMENTED_spi_flash_check_erase  0x20002ac3   Thumb Code     6  spi_flash.o(.text)
    spi_read_flash_memory_man_and_dev_id     0x20002ac9   Thumb Code    50  spi_flash.o(.text)
    spi_read_flash_unique_id                 0x20002afb   Thumb Code    72  spi_flash.o(.text)
    spi_flash_write_data                     0x20002b43   Thumb Code   110  spi_flash.o(.text)
    spi_flash_power_down                     0x20002bb1   Thumb Code    24  spi_flash.o(.text)
    spi_flash_release_from_power_down        0x20002bc9   Thumb Code    18  spi_flash.o(.text)
    spi_flash_configure_memory_protection    0x20002bdb   Thumb Code    52  spi_flash.o(.text)
    spi_flash_chip_erase_forced              0x20002c0f   Thumb Code    40  spi_flash.o(.text)
    spi_flash_page_fill                      0x20002c37   Thumb Code    88  spi_flash.o(.text)
    spi_flash_fill                           0x20002c8f   Thumb Code   106  spi_flash.o(.text)
    ke_task_init_func                        0x20002d8f   Thumb Code    20  ke_task.obj(.text)
    my_llc_con_update_req_ind                0x20002db5   Thumb Code   100  ch_map.obj(.text)
    my_llc_ch_map_req_ind                    0x20002e19   Thumb Code    84  ch_map.obj(.text)
    l2cc_pdu_recv_ind_handler                0x20002e79   Thumb Code   232  atts_task.obj(.text)
    smpc_send_pairing_req_ind                0x20002f65   Thumb Code   190  smpc.obj(.text)
    smpc_check_pairing_feat                  0x20003023   Thumb Code    38  smpc.obj(.text)
    smpc_pairing_cfm_handler                 0x20003051   Thumb Code   518  smpc_task.obj(.text)
    patched_gapm_adv_op_sanity               0x2000325d   Thumb Code   208  gapm_util.obj(.text)
    custom_nvds_get_func                     0x200033dd   Thumb Code   552  nvds.o(.text)
    nvds_read_bdaddr_from_otp                0x20003605   Thumb Code    50  nvds.o(.text)
    rwip_sleep                               0x20003655   Thumb Code   346  rwip.o(.text)
    lld_sleep_compensate_func_patched        0x200037dd   Thumb Code    46  rwble.o(.text)
    BLE_WAKEUP_LP_Handler                    0x2000380b   Thumb Code   134  rwble.o(.text)
    BLE_CSCNT_Handler                        0x20003891   Thumb Code    12  rwble.o(.text)
    BLE_SLP_Handler                          0x2000389d   Thumb Code    86  rwble.o(.text)
    BLE_RX_Handler                           0x200038f3   Thumb Code     8  rwble.o(.text)
    BLE_EVENT_Handler                        0x200038fb   Thumb Code    24  rwble.o(.text)
    BLE_RF_DIAG_Handler                      0x20003913   Thumb Code    84  rwble.o(.text)
    prf_server_error_ind_send                0x20003991   Thumb Code    44  prf_utils.o(.text)
    prf_server_send_event                    0x200039bd   Thumb Code    42  prf_utils.o(.text)
    prf_pack_date_time                       0x200039e7   Thumb Code    32  prf_utils.o(.text)
    prf_unpack_date_time                     0x20003a07   Thumb Code    34  prf_utils.o(.text)
    prf_init_func                            0x20003a29   Thumb Code    16  prf_utils.o(.text)
    prf_cleanup_func                         0x20003a39   Thumb Code    98  prf_utils.o(.text)
    streamdatad_init                         0x20003ac1   Thumb Code    28  streamdatad.o(.text)
    spotar_init                              0x20004135   Thumb Code    28  spotar.o(.text)
    spotar_patched_data_rcved                0x20004151   Thumb Code    38  spotar.o(.text)
    spotar_disable                           0x20004177   Thumb Code    44  spotar.o(.text)
    diss_init                                0x200042ad   Thumb Code    28  diss.o(.text)
    diss_compute_cfg_flag                    0x200042c9   Thumb Code    38  diss.o(.text)
    diss_check_val_len                       0x200042ef   Thumb Code    42  diss.o(.text)
    diss_disable                             0x20004319   Thumb Code    42  diss.o(.text)
    app_init                                 0x20004351   Thumb Code    62  app.o(.text)
    app_db_init                              0x2000438f   Thumb Code     8  app.o(.text)
    app_disconnect                           0x20004397   Thumb Code    34  app.o(.text)
    app_timer_set                            0x200043b9   Thumb Code    24  app.o(.text)
    app_connect_confirm                      0x200043d1   Thumb Code    64  app.o(.text)
    app_adv_start                            0x20004411   Thumb Code    36  app.o(.text)
    app_adv_stop                             0x20004435   Thumb Code    26  app.o(.text)
    app_param_update_start                   0x2000444f   Thumb Code     8  app.o(.text)
    app_connect                              0x20004457   Thumb Code    62  app.o(.text)
    app_sec_gen_tk                           0x200044d1   Thumb Code    18  app_sec.o(.text)
    app_sec_gen_ltk                          0x200044e3   Thumb Code    74  app_sec.o(.text)
    app_sec_init                             0x2000452d   Thumb Code    16  app_sec.o(.text)
    app_security_start                       0x2000453d   Thumb Code    46  app_sec.o(.text)
    gapc_bond_req_ind_handler                0x20004581   Thumb Code    82  app_sec_task.o(.text)
    gapc_bond_ind_handler                    0x200045d3   Thumb Code    66  app_sec_task.o(.text)
    gapc_encrypt_req_ind_handler             0x20004615   Thumb Code   120  app_sec_task.o(.text)
    gapc_encrypt_ind_handler                 0x2000468d   Thumb Code    10  app_sec_task.o(.text)
    gapm_device_ready_ind_handler            0x200046a5   Thumb Code    36  app_task.o(.text)
    gapm_cmp_evt_handler                     0x200046c9   Thumb Code   130  app_task.o(.text)
    gapc_connection_req_ind_handler          0x2000474b   Thumb Code    32  app_task.o(.text)
    gapc_cmp_evt_handler                     0x2000476b   Thumb Code    50  app_task.o(.text)
    gapc_disconnect_ind_handler              0x2000479d   Thumb Code    12  app_task.o(.text)
    app_module_init_cmp_evt_handler          0x200047a9   Thumb Code    36  app_task.o(.text)
    gapm_adv_report_ind_handler              0x200047cd   Thumb Code    12  app_task.o(.text)
    adc_timer_handle                         0x200047e1   Thumb Code   284  app_throughput_peripheral_proj.o(.text)
    uart_handle                              0x200048fd   Thumb Code    34  app_throughput_peripheral_proj.o(.text)
    motor_handle                             0x2000491f   Thumb Code   250  app_throughput_peripheral_proj.o(.text)
    motor_reset_handle                       0x20004a19   Thumb Code   174  app_throughput_peripheral_proj.o(.text)
    key_scan_handle                          0x20004ac7   Thumb Code     4  app_throughput_peripheral_proj.o(.text)
    key_dispose_handle                       0x20004acb   Thumb Code     4  app_throughput_peripheral_proj.o(.text)
    app_init_func                            0x20004acf   Thumb Code    12  app_throughput_peripheral_proj.o(.text)
    app_sec_init_func                        0x20004adb   Thumb Code     2  app_throughput_peripheral_proj.o(.text)
    app_connection_func                      0x20004add   Thumb Code    58  app_throughput_peripheral_proj.o(.text)
    app_adv_func                             0x20004b17   Thumb Code   376  app_throughput_peripheral_proj.o(.text)
    app_disconnect_func                      0x20004c8f   Thumb Code    42  app_throughput_peripheral_proj.o(.text)
    app_db_init_func                         0x20004cb9   Thumb Code    62  app_throughput_peripheral_proj.o(.text)
    app_param_update_func                    0x20004cf7   Thumb Code     2  app_throughput_peripheral_proj.o(.text)
    app_configuration_func                   0x20004cf9   Thumb Code    22  app_throughput_peripheral_proj.o(.text)
    app_set_dev_config_complete_func         0x20004d0f   Thumb Code    24  app_throughput_peripheral_proj.o(.text)
    app_update_params_rejected_func          0x20004d27   Thumb Code     2  app_throughput_peripheral_proj.o(.text)
    app_update_params_complete_func          0x20004d29   Thumb Code     2  app_throughput_peripheral_proj.o(.text)
    app_adv_undirect_complete                0x20004d2b   Thumb Code     2  app_throughput_peripheral_proj.o(.text)
    app_adv_direct_complete                  0x20004d2d   Thumb Code     2  app_throughput_peripheral_proj.o(.text)
    app_db_init_complete_func                0x20004d2f   Thumb Code     8  app_throughput_peripheral_proj.o(.text)
    app_scanning_completed_func              0x20004d37   Thumb Code     2  app_throughput_peripheral_proj.o(.text)
    app_connect_func                         0x20004d39   Thumb Code     2  app_throughput_peripheral_proj.o(.text)
    app_adv_report_ind_func                  0x20004d3b   Thumb Code     2  app_throughput_peripheral_proj.o(.text)
    app_connect_failed_func                  0x20004d3d   Thumb Code     2  app_throughput_peripheral_proj.o(.text)
    app_send_pairing_rsp_func                0x20004d3f   Thumb Code     2  app_throughput_peripheral_proj.o(.text)
    app_send_tk_exch_func                    0x20004d41   Thumb Code     2  app_throughput_peripheral_proj.o(.text)
    app_send_irk_exch_func                   0x20004d43   Thumb Code     2  app_throughput_peripheral_proj.o(.text)
    app_send_csrk_exch_func                  0x20004d45   Thumb Code     2  app_throughput_peripheral_proj.o(.text)
    app_send_ltk_exch_func                   0x20004d47   Thumb Code     2  app_throughput_peripheral_proj.o(.text)
    app_paired_func                          0x20004d49   Thumb Code     2  app_throughput_peripheral_proj.o(.text)
    app_validate_encrypt_req_func            0x20004d4b   Thumb Code     4  app_throughput_peripheral_proj.o(.text)
    app_sec_encrypt_ind_func                 0x20004d4f   Thumb Code     2  app_throughput_peripheral_proj.o(.text)
    app_sec_encrypt_complete_func            0x20004d51   Thumb Code     2  app_throughput_peripheral_proj.o(.text)
    app_mitm_passcode_entry_func             0x20004d53   Thumb Code     2  app_throughput_peripheral_proj.o(.text)
    app_ext_stats_report_send                0x20004d55   Thumb Code    10  app_throughput_peripheral_proj.o(.text)
    my_timer_handler                         0x20004d5f   Thumb Code   128  app_throughput_peripheral_proj.o(.text)
    app_stream_create_db                     0x20004e0d   Thumb Code    24  app_streamdatad.o(.text)
    app_streamdatad_enable                   0x20004e25   Thumb Code    30  app_streamdatad.o(.text)
    stream_create_db_cfm_handler             0x20004e4d   Thumb Code    38  app_streamdatad_task.o(.text)
    spotar_create_db_cfm_handler             0x20004e75   Thumb Code    38  app_spotar_task.o(.text)
    spotar_patch_data_ind_handler            0x20004e9b   Thumb Code   144  app_spotar_task.o(.text)
    spotar_patch_mem_dev_ind_handler         0x20004f2b   Thumb Code    26  app_spotar_task.o(.text)
    spotar_gpio_map_ind_handler              0x20004f45   Thumb Code    58  app_spotar_task.o(.text)
    spotar_patch_len_ind_handler             0x20004f7f   Thumb Code    74  app_spotar_task.o(.text)
    app_spotar_init                          0x20004fd5   Thumb Code    24  app_spotar.o(.text)
    app_spotar_reset                         0x20004fed   Thumb Code    12  app_spotar.o(.text)
    app_spotar_create_db                     0x20004ff9   Thumb Code    24  app_spotar.o(.text)
    app_spotar_enable                        0x20005011   Thumb Code    36  app_spotar.o(.text)
    spotar_send_status_update_req            0x20005035   Thumb Code    34  app_spotar.o(.text)
    app_spotar_stop                          0x20005057   Thumb Code    20  app_spotar.o(.text)
    app_set_image_valid_flag                 0x2000506b   Thumb Code    42  app_spotar.o(.text)
    app_spotar_start                         0x20005095   Thumb Code    34  app_spotar.o(.text)
    app_spotar_read_mem                      0x200050b7   Thumb Code   204  app_spotar.o(.text)
    spotar_send_mem_info_update_req          0x20005183   Thumb Code    28  app_spotar.o(.text)
    app_spi_flash_init                       0x2000519f   Thumb Code    68  app_spotar.o(.text)
    app_spotar_spi_config                    0x200051e3   Thumb Code   356  app_spotar.o(.text)
    app_spotar_pd_hdlr                       0x20005347   Thumb Code   240  app_spotar.o(.text)
    app_erase_flash_sectors                  0x20005437   Thumb Code    58  app_spotar.o(.text)
    app_get_image_id                         0x20005471   Thumb Code    16  app_spotar.o(.text)
    app_find_old_img                         0x20005481   Thumb Code    36  app_spotar.o(.text)
    app_read_ext_mem                         0x200054a5   Thumb Code    24  app_spotar.o(.text)
    app_read_image_headers                   0x200054bd   Thumb Code   518  app_spotar.o(.text)
    app_spotar_img_hdlr                      0x200056c3   Thumb Code   162  app_spotar.o(.text)
    app_spotar_exec_patch                    0x20005765   Thumb Code    36  app_spotar.o(.text)
    app_spotar_i2c_config                    0x20005789   Thumb Code   212  app_spotar.o(.text)
    diss_create_db_cfm_handler               0x2000585d   Thumb Code   292  app_dis_task.o(.text)
    diss_disable_ind_handler                 0x20005981   Thumb Code     4  app_dis_task.o(.text)
    app_dis_init                             0x200059c1   Thumb Code     2  app_dis.o(.text)
    app_dis_create_db_send                   0x200059c3   Thumb Code    26  app_dis.o(.text)
    app_dis_enable_prf                       0x200059dd   Thumb Code    32  app_dis.o(.text)
    __aeabi_fmul                             0x20005a01   Thumb Code   122  fmul.o(.text)
    __aeabi_fdiv                             0x20005a7b   Thumb Code   124  fdiv.o(.text)
    __ARM_scalbnf                            0x20005af7   Thumb Code    24  fscalb.o(.text)
    scalbnf                                  0x20005af7   Thumb Code     0  fscalb.o(.text)
    __aeabi_dadd                             0x20005b11   Thumb Code   328  dadd.o(.text)
    __aeabi_dsub                             0x20005c59   Thumb Code    12  dadd.o(.text)
    __aeabi_drsub                            0x20005c65   Thumb Code    12  dadd.o(.text)
    __aeabi_ddiv                             0x20005c75   Thumb Code   234  ddiv.o(.text)
    __aeabi_ui2f                             0x20005d65   Thumb Code    14  ffltui.o(.text)
    __aeabi_f2uiz                            0x20005d73   Thumb Code    40  ffixui.o(.text)
    __aeabi_d2uiz                            0x20005d9d   Thumb Code    50  dfixui.o(.text)
    __aeabi_f2d                              0x20005dd9   Thumb Code    40  f2d.o(.text)
    __aeabi_d2f                              0x20005e01   Thumb Code    56  d2f.o(.text)
    __aeabi_lasr                             0x20005e39   Thumb Code    38  llsshr.o(.text)
    _ll_sshift_r                             0x20005e39   Thumb Code     0  llsshr.o(.text)
    _float_round                             0x20005e5f   Thumb Code    16  fepilogue.o(.text)
    _float_epilogue                          0x20005e6f   Thumb Code   114  fepilogue.o(.text)
    __scatterload                            0x20005ee1   Thumb Code    28  init.o(.text)
    __scatterload_rt2                        0x20005ee1   Thumb Code     0  init.o(.text)
    Long Thumb to Thumb Veneer to set_system_clocks 0x20005f05   Thumb Code    12  anon$$obj.o(Veneer$$Code)
    Long Thumb to Thumb Veneer to srand      0x20005f11   Thumb Code    12  anon$$obj.o(Veneer$$Code)
    Long Thumb to Thumb Veneer to nvds_init  0x20005f1d   Thumb Code    12  anon$$obj.o(Veneer$$Code)
    Long Thumb to Thumb Veneer to rwip_init  0x20005f29   Thumb Code    12  anon$$obj.o(Veneer$$Code)
    Long Thumb to Thumb Veneer to enable_rf_diag_irq 0x20005f35   Thumb Code    12  anon$$obj.o(Veneer$$Code)
    Long Thumb to Thumb Veneer to app_get_sleep_mode 0x20005f41   Thumb Code    12  anon$$obj.o(Veneer$$Code)
    Long Thumb to Thumb Veneer to rwip_prevent_sleep_get 0x20005f4d   Thumb Code    12  anon$$obj.o(Veneer$$Code)
    Long Thumb to Thumb Veneer to ke_event_get 0x20005f59   Thumb Code    12  anon$$obj.o(Veneer$$Code)
    Long Thumb to Thumb Veneer to rwip_schedule 0x20005f65   Thumb Code    12  anon$$obj.o(Veneer$$Code)
    Long Thumb to Thumb Veneer to lld_sleep_check 0x20005f71   Thumb Code    12  anon$$obj.o(Veneer$$Code)
    Long Thumb to Thumb Veneer to func_check_mem 0x20005f7d   Thumb Code    12  anon$$obj.o(Veneer$$Code)
    Long Thumb to Thumb Veneer to test_rxdone 0x20005f89   Thumb Code    12  anon$$obj.o(Veneer$$Code)
    Long Thumb to Thumb Veneer to ke_mem_is_empty 0x20005f95   Thumb Code    12  anon$$obj.o(Veneer$$Code)
    Long Thumb to Thumb Veneer to __aeabi_uidivmod 0x20005fa1   Thumb Code    12  anon$$obj.o(Veneer$$Code)
    Long Thumb to Thumb Veneer to __aeabi_idivmod 0x20005fad   Thumb Code    12  anon$$obj.o(Veneer$$Code)
    Long Thumb to Thumb Veneer to __aeabi_ui2d 0x20005fb9   Thumb Code    12  anon$$obj.o(Veneer$$Code)
    Long Thumb to Thumb Veneer to __aeabi_dmul 0x20005fc5   Thumb Code    12  anon$$obj.o(Veneer$$Code)
    Long Thumb to Thumb Veneer to attmdb_att_set_value 0x20005fd1   Thumb Code    12  anon$$obj.o(Veneer$$Code)
    Long Thumb to Thumb Veneer to __aeabi_cdcmple 0x20005fdd   Thumb Code    12  anon$$obj.o(Veneer$$Code)
    Long Thumb to Thumb Veneer to rwip_wakeup_delay_set 0x20005fe9   Thumb Code    12  anon$$obj.o(Veneer$$Code)
    Long Thumb to Thumb Veneer to $Super$$get_rc16m_count_func 0x20005ff5   Thumb Code    12  anon$$obj.o(Veneer$$Code)
    Long Thumb to Thumb Veneer to get_rc16m_count 0x20006001   Thumb Code    12  anon$$obj.o(Veneer$$Code)
    Long Thumb to Thumb Veneer to pll_vcocal_LUT_InitUpdate 0x2000600d   Thumb Code    12  anon$$obj.o(Veneer$$Code)
    Long Thumb to Thumb Veneer to rf_calibration 0x20006019   Thumb Code    12  anon$$obj.o(Veneer$$Code)
    Long Thumb to Thumb Veneer to lld_sleep_us_2_lpcycles_func 0x20006025   Thumb Code    12  anon$$obj.o(Veneer$$Code)
    Long Thumb to Thumb Veneer to lld_sleep_lpcycles_2_us_func 0x20006031   Thumb Code    12  anon$$obj.o(Veneer$$Code)
    Long Thumb to Thumb Veneer to uart_flow_on 0x2000603d   Thumb Code    12  anon$$obj.o(Veneer$$Code)
    Long Thumb to Thumb Veneer to __aeabi_memcpy 0x20006049   Thumb Code    12  anon$$obj.o(Veneer$$Code)
    Long Thumb to Thumb Veneer to strlen     0x20006055   Thumb Code    12  anon$$obj.o(Veneer$$Code)
    Long Thumb to Thumb Veneer to co_list_pop_front 0x20006061   Thumb Code    12  anon$$obj.o(Veneer$$Code)
    Long Thumb to Thumb Veneer to ke_task_handler_get 0x2000606d   Thumb Code    12  anon$$obj.o(Veneer$$Code)
    Long Thumb to Thumb Veneer to ke_msg_free 0x20006079   Thumb Code    12  anon$$obj.o(Veneer$$Code)
    Long Thumb to Thumb Veneer to co_list_push_back 0x20006085   Thumb Code    12  anon$$obj.o(Veneer$$Code)
    Long Thumb to Thumb Veneer to ke_event_clear 0x20006091   Thumb Code    12  anon$$obj.o(Veneer$$Code)
    Long Thumb to Thumb Veneer to __aeabi_memclr4 0x2000609d   Thumb Code    12  anon$$obj.o(Veneer$$Code)
    Long Thumb to Thumb Veneer to ke_event_callback_set 0x200060a9   Thumb Code    12  anon$$obj.o(Veneer$$Code)
    Long Thumb to Thumb Veneer to lld_con_update_ind 0x200060b5   Thumb Code    12  anon$$obj.o(Veneer$$Code)
    Long Thumb to Thumb Veneer to ke_state_set 0x200060c1   Thumb Code    12  anon$$obj.o(Veneer$$Code)
    Long Thumb to Thumb Veneer to llc_util_dicon_procedure 0x200060cd   Thumb Code    12  anon$$obj.o(Veneer$$Code)
    Long Thumb to Thumb Veneer to lld_ch_map_ind 0x200060d9   Thumb Code    12  anon$$obj.o(Veneer$$Code)
    Long Thumb to Thumb Veneer to ke_state_get 0x200060e5   Thumb Code    12  anon$$obj.o(Veneer$$Code)
    Long Thumb to Thumb Veneer to __ARM_common_switch8 0x200060f1   Thumb Code    12  anon$$obj.o(Veneer$$Code)
    Long Thumb to Thumb Veneer to ke_timer_clear 0x200060fd   Thumb Code    12  anon$$obj.o(Veneer$$Code)
    Long Thumb to Thumb Veneer to atts_send_cmd_cmp 0x20006109   Thumb Code    12  anon$$obj.o(Veneer$$Code)
    Long Thumb to Thumb Veneer to atts_mtu_exc_resp 0x20006115   Thumb Code    12  anon$$obj.o(Veneer$$Code)
    Long Thumb to Thumb Veneer to atts_find_info_resp 0x20006121   Thumb Code    12  anon$$obj.o(Veneer$$Code)
    Long Thumb to Thumb Veneer to atts_find_by_type_resp 0x2000612d   Thumb Code    12  anon$$obj.o(Veneer$$Code)
    Long Thumb to Thumb Veneer to atts_read_by_type_resp 0x20006139   Thumb Code    12  anon$$obj.o(Veneer$$Code)
    Long Thumb to Thumb Veneer to atts_read_by_grp_type_resp 0x20006145   Thumb Code    12  anon$$obj.o(Veneer$$Code)
    Long Thumb to Thumb Veneer to atts_read_resp 0x20006151   Thumb Code    12  anon$$obj.o(Veneer$$Code)
    Long Thumb to Thumb Veneer to atts_read_blob_resp 0x2000615d   Thumb Code    12  anon$$obj.o(Veneer$$Code)
    Long Thumb to Thumb Veneer to atts_read_mult_resp 0x20006169   Thumb Code    12  anon$$obj.o(Veneer$$Code)
    Long Thumb to Thumb Veneer to atts_write_no_resp 0x20006175   Thumb Code    12  anon$$obj.o(Veneer$$Code)
    Long Thumb to Thumb Veneer to atts_write_resp 0x20006181   Thumb Code    12  anon$$obj.o(Veneer$$Code)
    Long Thumb to Thumb Veneer to atts_signed_write_resp 0x2000618d   Thumb Code    12  anon$$obj.o(Veneer$$Code)
    Long Thumb to Thumb Veneer to atts_prepare_write_resp 0x20006199   Thumb Code    12  anon$$obj.o(Veneer$$Code)
    Long Thumb to Thumb Veneer to atts_execute_write_resp 0x200061a5   Thumb Code    12  anon$$obj.o(Veneer$$Code)
    Long Thumb to Thumb Veneer to ke_msg_alloc 0x200061b1   Thumb Code    12  anon$$obj.o(Veneer$$Code)
    Long Thumb to Thumb Veneer to gapc_get_enc_keysize 0x200061bd   Thumb Code    12  anon$$obj.o(Veneer$$Code)
    Long Thumb to Thumb Veneer to gapc_get_role 0x200061c9   Thumb Code    12  anon$$obj.o(Veneer$$Code)
    Long Thumb to Thumb Veneer to ke_msg_send 0x200061d5   Thumb Code    12  anon$$obj.o(Veneer$$Code)
    Long Thumb to Thumb Veneer to smpc_generate_rand 0x200061e1   Thumb Code    12  anon$$obj.o(Veneer$$Code)
    Long Thumb to Thumb Veneer to smpc_tkdp_send_continue 0x200061ed   Thumb Code    12  anon$$obj.o(Veneer$$Code)
    Long Thumb to Thumb Veneer to smpc_pdu_send 0x200061f9   Thumb Code    12  anon$$obj.o(Veneer$$Code)
    Long Thumb to Thumb Veneer to smpc_tkdp_rcp_start 0x20006205   Thumb Code    12  anon$$obj.o(Veneer$$Code)
    Long Thumb to Thumb Veneer to smpc_pairing_end 0x20006211   Thumb Code    12  anon$$obj.o(Veneer$$Code)
    Long Thumb to Thumb Veneer to smpc_check_max_key_size 0x2000621d   Thumb Code    12  anon$$obj.o(Veneer$$Code)
    Long Thumb to Thumb Veneer to smpc_check_key_distrib 0x20006229   Thumb Code    12  anon$$obj.o(Veneer$$Code)
    Long Thumb to Thumb Veneer to smpc_get_key_sec_prop 0x20006235   Thumb Code    12  anon$$obj.o(Veneer$$Code)
    Long Thumb to Thumb Veneer to smpc_is_sec_mode_reached 0x20006241   Thumb Code    12  anon$$obj.o(Veneer$$Code)
    Long Thumb to Thumb Veneer to gapm_get_privacy_flag 0x2000624d   Thumb Code    12  anon$$obj.o(Veneer$$Code)
    Long Thumb to Thumb Veneer to gapm_set_recon_addr 0x20006259   Thumb Code    12  anon$$obj.o(Veneer$$Code)
    Long Thumb to Thumb Veneer to memcmp     0x20006265   Thumb Code    12  anon$$obj.o(Veneer$$Code)
    Long Thumb to Thumb Veneer to ke_sleep_check 0x20006271   Thumb Code    12  anon$$obj.o(Veneer$$Code)
    Long Thumb to Thumb Veneer to ke_timer_sleep_check 0x2000627d   Thumb Code    12  anon$$obj.o(Veneer$$Code)
    Long Thumb to Thumb Veneer to gtl_enter_sleep 0x20006289   Thumb Code    12  anon$$obj.o(Veneer$$Code)
    Long Thumb to Thumb Veneer to lld_sleep_enter 0x20006295   Thumb Code    12  anon$$obj.o(Veneer$$Code)
    Long Thumb to Thumb Veneer to ble_regs_push 0x200062a1   Thumb Code    12  anon$$obj.o(Veneer$$Code)
    Long Thumb to Thumb Veneer to $Super$$BLE_CSCNT_Handler 0x200062ad   Thumb Code    12  anon$$obj.o(Veneer$$Code)
    Long Thumb to Thumb Veneer to lld_evt_start_isr 0x200062b9   Thumb Code    12  anon$$obj.o(Veneer$$Code)
    Long Thumb to Thumb Veneer to ble_regs_pop 0x200062c5   Thumb Code    12  anon$$obj.o(Veneer$$Code)
    Long Thumb to Thumb Veneer to gtl_eif_init 0x200062d1   Thumb Code    12  anon$$obj.o(Veneer$$Code)
    Long Thumb to Thumb Veneer to rwip_wakeup 0x200062dd   Thumb Code    12  anon$$obj.o(Veneer$$Code)
    Long Thumb to Thumb Veneer to rf_workaround_init 0x200062e9   Thumb Code    12  anon$$obj.o(Veneer$$Code)
    Long Thumb to Thumb Veneer to rf_reinit  0x200062f5   Thumb Code    12  anon$$obj.o(Veneer$$Code)
    Long Thumb to Thumb Veneer to lld_evt_rx_isr 0x20006301   Thumb Code    12  anon$$obj.o(Veneer$$Code)
    Long Thumb to Thumb Veneer to lld_evt_end_isr 0x2000630d   Thumb Code    12  anon$$obj.o(Veneer$$Code)
    Long Thumb to Thumb Veneer to set_rf_cal_cap 0x20006319   Thumb Code    12  anon$$obj.o(Veneer$$Code)
    Long Thumb to Thumb Veneer to set_gauss_modgain 0x20006325   Thumb Code    12  anon$$obj.o(Veneer$$Code)
    Long Thumb to Thumb Veneer to gapc_get_conhdl 0x20006331   Thumb Code    12  anon$$obj.o(Veneer$$Code)
    Long Thumb to Thumb Veneer to gapc_send_disconect_ind 0x2000633d   Thumb Code    12  anon$$obj.o(Veneer$$Code)
    Long Thumb to Thumb Veneer to __aeabi_memclr 0x20006349   Thumb Code    12  anon$$obj.o(Veneer$$Code)
    Long Thumb to Thumb Veneer to ke_task_create 0x20006355   Thumb Code    12  anon$$obj.o(Veneer$$Code)
    Long Thumb to Thumb Veneer to attm_svc_create_db 0x20006361   Thumb Code    12  anon$$obj.o(Veneer$$Code)
    Long Thumb to Thumb Veneer to attmdb_svc_set_permission 0x2000636d   Thumb Code    12  anon$$obj.o(Veneer$$Code)
    Long Thumb to Thumb Veneer to gapc_get_conidx 0x20006379   Thumb Code    12  anon$$obj.o(Veneer$$Code)
    Long Thumb to Thumb Veneer to attmdb_att_update_value 0x20006385   Thumb Code    12  anon$$obj.o(Veneer$$Code)
    Long Thumb to Thumb Veneer to atts_write_rsp_send 0x20006391   Thumb Code    12  anon$$obj.o(Veneer$$Code)
    Long Thumb to Thumb Veneer to attmdb_add_service 0x2000639d   Thumb Code    12  anon$$obj.o(Veneer$$Code)
    Long Thumb to Thumb Veneer to attmdb_add_attribute 0x200063a9   Thumb Code    12  anon$$obj.o(Veneer$$Code)
    Long Thumb to Thumb Veneer to attmdb_att_get_value 0x200063b5   Thumb Code    12  anon$$obj.o(Veneer$$Code)
    Long Thumb to Thumb Veneer to nvds_get   0x200063c1   Thumb Code    12  anon$$obj.o(Veneer$$Code)
    Long Thumb to Thumb Veneer to ke_timer_set 0x200063cd   Thumb Code    12  anon$$obj.o(Veneer$$Code)
    Long Thumb to Thumb Veneer to rand       0x200063d9   Thumb Code    12  anon$$obj.o(Veneer$$Code)
    Long Thumb to Thumb Veneer to __aeabi_memcpy4 0x200063e5   Thumb Code    12  anon$$obj.o(Veneer$$Code)
    Long Thumb to Thumb Veneer to get_patching_spota_length 0x200063f1   Thumb Code    12  anon$$obj.o(Veneer$$Code)
    Long Thumb to Thumb Veneer to platform_reset 0x200063fd   Thumb Code    12  anon$$obj.o(Veneer$$Code)
    Long Thumb to Thumb Veneer to __aeabi_llsl 0x20006409   Thumb Code    12  anon$$obj.o(Veneer$$Code)
    Long Thumb to Thumb Veneer to __aeabi_memset 0x20006415   Thumb Code    12  anon$$obj.o(Veneer$$Code)
    Long Thumb to Thumb Veneer to exec_patching_spota 0x20006421   Thumb Code    12  anon$$obj.o(Veneer$$Code)
    Long Thumb to Thumb Veneer to _double_epilogue 0x2000642d   Thumb Code    12  anon$$obj.o(Veneer$$Code)
    Long Thumb to Thumb Veneer to _double_round 0x20006439   Thumb Code    12  anon$$obj.o(Veneer$$Code)
    Long Thumb to Thumb Veneer to __aeabi_llsr 0x20006445   Thumb Code    12  anon$$obj.o(Veneer$$Code)
    GPIO_ConfigurePin                        0x20006451   Thumb Code    78  gpio.o(i.GPIO_ConfigurePin)
    GPIO_EnableIRQ                           0x200064a5   Thumb Code   586  gpio.o(i.GPIO_EnableIRQ)
    GPIO_GetPinStatus                        0x20006709   Thumb Code    64  gpio.o(i.GPIO_GetPinStatus)
    GPIO_ResetIRQ                            0x20006751   Thumb Code   146  gpio.o(i.GPIO_ResetIRQ)
    GPIO_SetActive                           0x200067e9   Thumb Code    58  gpio.o(i.GPIO_SetActive)
    GPIO_SetInactive                         0x2000682d   Thumb Code    58  gpio.o(i.GPIO_SetInactive)
    GPIO_SetPinFunction                      0x20006871   Thumb Code    64  gpio.o(i.GPIO_SetPinFunction)
    GPIO_init                                0x200068b9   Thumb Code   140  gpio.o(i.GPIO_init)
    __scatterload_copy                       0x2000694d   Thumb Code    14  handlers.o(i.__scatterload_copy)
    __scatterload_null                       0x2000695b   Thumb Code     2  handlers.o(i.__scatterload_null)
    __scatterload_zeroinit                   0x2000695d   Thumb Code    14  handlers.o(i.__scatterload_zeroinit)
    set_tmr_div                              0x2000696d   Thumb Code    18  pwm.o(i.set_tmr_div)
    set_tmr_enable                           0x20006985   Thumb Code    18  pwm.o(i.set_tmr_enable)
    timer0_start                             0x2000699d   Thumb Code    12  pwm.o(i.timer0_start)
    timer2_enable                            0x200069ad   Thumb Code    18  pwm.o(i.timer2_enable)
    timer2_set_hw_pause                      0x200069c5   Thumb Code    18  pwm.o(i.timer2_set_hw_pause)
    timer2_set_pwm2_duty_cycle               0x200069dd   Thumb Code     6  pwm.o(i.timer2_set_pwm2_duty_cycle)
    timer2_set_sw_pause                      0x200069e9   Thumb Code    18  pwm.o(i.timer2_set_sw_pause)
    patch_table                              0x20006a00   Data          32  arch_main.o(.constdata)
    LUT_CFG                                  0x20006a20   Data          22  arch_main.o(.constdata)
    SPI_FLASH_KNOWN_DEVICES_PARAMETERS_LIST  0x20006a40   Data          80  spi_flash.o(.constdata)
    streamdatad_disabled                     0x20006b38   Data           8  streamdatad_task.o(.constdata)
    streamdatad_idle                         0x20006b40   Data           8  streamdatad_task.o(.constdata)
    streamdatad_active                       0x20006b48   Data          16  streamdatad_task.o(.constdata)
    streamdatad_state_handler                0x20006b58   Data          24  streamdatad_task.o(.constdata)
    streamdatad_default_handler              0x20006b70   Data           8  streamdatad_task.o(.constdata)
    spotar_disabled                          0x20006b78   Data           8  spotar_task.o(.constdata)
    spotar_idle                              0x20006b80   Data           8  spotar_task.o(.constdata)
    spotar_active                            0x20006b88   Data          24  spotar_task.o(.constdata)
    spotar_default_state                     0x20006ba0   Data           8  spotar_task.o(.constdata)
    spotar_state_handler                     0x20006ba8   Data          24  spotar_task.o(.constdata)
    spotar_default_handler                   0x20006bc0   Data           8  spotar_task.o(.constdata)
    spotar_service                           0x20006bc8   Data           2  spotar.o(.constdata)
    spotar_patch_mem_dev_val                 0x20006bca   Data          16  spotar.o(.constdata)
    spotar_gpio_map_val                      0x20006bda   Data          16  spotar.o(.constdata)
    spotar_patch_mem_info_val                0x20006bea   Data          16  spotar.o(.constdata)
    spotar_patch_len_val                     0x20006bfa   Data          16  spotar.o(.constdata)
    spotar_patch_data_val                    0x20006c0a   Data          16  spotar.o(.constdata)
    spotar_patch_status_val                  0x20006c1a   Data          16  spotar.o(.constdata)
    diss_disabled                            0x20006c3c   Data           8  diss_task.o(.constdata)
    diss_idle                                0x20006c44   Data          16  diss_task.o(.constdata)
    diss_default_state                       0x20006c54   Data           8  diss_task.o(.constdata)
    diss_state_handler                       0x20006c5c   Data          24  diss_task.o(.constdata)
    diss_default_handler                     0x20006c74   Data           8  diss_task.o(.constdata)
    diss_att_db                              0x20006c7c   Data         228  diss.o(.constdata)
    diss_dis_svc                             0x20006d60   Data           2  diss.o(.constdata)
    diss_manufacturer_name_char              0x20006d62   Data           5  diss.o(.constdata)
    diss_model_nb_str_char                   0x20006d67   Data           5  diss.o(.constdata)
    diss_serial_nb_str_char                  0x20006d6c   Data           5  diss.o(.constdata)
    diss_hard_rev_str_char                   0x20006d71   Data           5  diss.o(.constdata)
    diss_firm_rev_str_char                   0x20006d76   Data           5  diss.o(.constdata)
    diss_sw_rev_str_char                     0x20006d7b   Data           5  diss.o(.constdata)
    diss_system_id_char                      0x20006d80   Data           5  diss.o(.constdata)
    diss_ieee_char                           0x20006d85   Data           5  diss.o(.constdata)
    diss_pnp_id_char                         0x20006d8a   Data           5  diss.o(.constdata)
    app_default_state                        0x20006db0   Data         208  app_task.o(.constdata)
    app_default_handler                      0x20006e80   Data           8  app_task.o(.constdata)
    Region$$Table$$Base                      0x20006e98   Number         0  anon$$obj.o(Region$$Table)
    Power                                    0x20006ed8   Data           1  arch_main.o(.data)
    Region$$Table$$Limit                     0x20006ed8   Number         0  anon$$obj.o(Region$$Table)
    MotorOn                                  0x20006ed9   Data           1  arch_main.o(.data)
    Motor                                    0x20006eda   Data           1  arch_main.o(.data)
    first_count_status                       0x20006edb   Data           1  arch_main.o(.data)
    first55_flag                             0x20006edc   Data           1  arch_main.o(.data)
    rf_send_sta                              0x20006edd   Data           1  arch_main.o(.data)
    cFunctionType                            0x20006ede   Data           1  arch_main.o(.data)
    avg_value                                0x20006edf   Data           1  arch_main.o(.data)
    M10frm                                   0x20006ee0   Data           4  arch_main.o(.data)
    alarm_sta                                0x20006ee4   Data           1  periph_setup.o(.data)
    RestoreSetting                           0x20006ee5   Data           9  periph_setup.o(.data)
    ResSetting                               0x20006eee   Data           9  periph_setup.o(.data)
    spotar_patch_mem_dev_char                0x20006ef7   Data          19  spotar.o(.data)
    spotar_gpio_map_char                     0x20006f0a   Data          19  spotar.o(.data)
    spotar_patch_mem_info_char               0x20006f1d   Data          19  spotar.o(.data)
    spotar_patch_len_char                    0x20006f30   Data          19  spotar.o(.data)
    spotar_patch_data_char                   0x20006f43   Data          19  spotar.o(.data)
    spotar_patch_status_char                 0x20006f56   Data          19  spotar.o(.data)
    uBatRemainPercent                        0x20006f69   Data           1  app_throughput_peripheral_proj.o(.data)
    spota_new_pd                             0x20006f6c   Data          80  app_spotar.o(spotar_patch_area)
    spota_all_pd                             0x20006fbc   Data         256  app_spotar.o(spotar_patch_area)
    alarm_temp                               0x20008000   Data           1  periph_setup.o(.bss)
    detected_spi_flash_device_index          0x20008001   Data           1  periph_setup.o(.bss)
    LacalAddress                             0x20008002   Data           2  periph_setup.o(.bss)
    spi_FLASH_CS_Pad                         0x20008004   Data           2  periph_setup.o(.bss)
    spi_driver_cs_pad                        0x20008006   Data           2  spi.o(.bss)
    spi_flash_device_index                   0x20008008   Data           2  spi_flash.o(.bss)
    spi_flash_detected_device                0x2000800c   Data           4  spi_flash.o(.bss)
    spi_flash_size                           0x20008010   Data           4  spi_flash.o(.bss)
    spi_flash_page_size                      0x20008014   Data           4  spi_flash.o(.bss)
    BLE_MAC_Edit                             0x20008018   Data           1  streamdatad_task.o(.bss)
    periph_addr_storage                      0x20008019   Data           6  streamdatad_task.o(.bss)
    streamdatad_state                        0x2000801f   Data           1  streamdatad_task.o(.bss)
    M10_Master_conready                      0x20008020   Data           1  app.o(.bss)
    ResetCnt                                 0x20008021   Data           1  app_throughput_peripheral_proj.o(.bss)
    sys_startup_flag                         0x20008022   Data           1  arch_main.o(retention_mem_area0)
    sleep_md                                 0x20008023   Data           1  arch_sleep.o(retention_mem_area0)
    sleep_pend                               0x20008024   Data           1  arch_sleep.o(retention_mem_area0)
    sleep_cnt                                0x20008025   Data           1  arch_sleep.o(retention_mem_area0)
    sleep_ext_force                          0x20008026   Data           1  arch_sleep.o(retention_mem_area0)
    cal_enable                               0x20008028   Data           1  arch_system.o(retention_mem_area0)
    lp_clk_sel                               0x2000802c   Data           4  arch_system.o(retention_mem_area0)
    rcx_freq                                 0x20008030   Data           4  arch_system.o(retention_mem_area0)
    rcx_period                               0x20008034   Data           4  arch_system.o(retention_mem_area0)
    rcx_slot_duration                        0x20008038   Data           4  arch_system.o(retention_mem_area0)
    dev_bdaddr                               0x2000803c   Data           6  nvds.o(retention_mem_area0)
    rwble_last_event                         0x20008042   Data           1  rwble.o(retention_mem_area0)
    spotar_state                             0x20008043   Data           1  spotar_task.o(retention_mem_area0)
    spotar_env                               0x20008044   Data           8  spotar.o(retention_mem_area0)
    diss_state                               0x2000804c   Data           1  diss_task.o(retention_mem_area0)
    diss_env                                 0x2000804e   Data          18  diss.o(retention_mem_area0)
    app_env                                  0x20008060   Data          12  app.o(retention_mem_area0)
    app_sec_env                              0x2000806c   Data          36  app_sec.o(retention_mem_area0)
    app_state                                0x20008090   Data           1  app_task.o(retention_mem_area0)
    spota_state                              0x20008094   Data          36  app_spotar.o(retention_mem_area0)
    rwip_heap_non_ret                        0x20008bf4   Data        1036  jump_table.o(heap_mem_area_not_ret)
    SystemCoreClock                          0x20009000   Data           0  rom_symdef.txt ABSOLUTE
    error                                    0x20009004   Data           0  rom_symdef.txt ABSOLUTE
    Activeflag                               0x20009020   Data           1  arch_main.o(.bss)
    alarm_signal                             0x20009021   Data           1  arch_main.o(.bss)
    clamp                                    0x20009022   Data           1  arch_main.o(.bss)
    keypress                                 0x20009023   Data           1  arch_main.o(.bss)
    senddata                                 0x20009024   Data           1  arch_main.o(.bss)
    speed_five_status                        0x20009025   Data           1  arch_main.o(.bss)
    speed_right_status                       0x20009026   Data           1  arch_main.o(.bss)
    halt                                     0x20009027   Data           1  arch_main.o(.bss)
    ResetFlg                                 0x20009028   Data           1  arch_main.o(.bss)
    iTempMIN                                 0x20009029   Data           1  arch_main.o(.bss)
    Key1                                     0x2000902a   Data           1  arch_main.o(.bss)
    Keylong                                  0x2000902b   Data           1  arch_main.o(.bss)
    SwordClose                               0x2000902c   Data           1  arch_main.o(.bss)
    RFOFF                                    0x2000902d   Data           1  arch_main.o(.bss)
    Keylonglong                              0x2000902e   Data           1  arch_main.o(.bss)
    KeylongCount                             0x2000902f   Data           1  arch_main.o(.bss)
    SetFlag                                  0x20009030   Data           1  arch_main.o(.bss)
    ZigbFlg                                  0x20009031   Data           1  arch_main.o(.bss)
    cIptWarning                              0x20009032   Data           1  arch_main.o(.bss)
    uart_COUNT                               0x20009033   Data           1  arch_main.o(.bss)
    uart_COUNT_flag                          0x20009034   Data           1  arch_main.o(.bss)
    BatCnt2                                  0x20009035   Data           1  arch_main.o(.bss)
    txCount                                  0x20009036   Data           2  arch_main.o(.bss)
    lkeyDownCount                            0x20009038   Data           2  arch_main.o(.bss)
    adc_data2                                0x2000903a   Data           2  arch_main.o(.bss)
    uBatRemainPercent2                       0x2000903c   Data           2  arch_main.o(.bss)
    uBatRemainPercentMA2                     0x2000903e   Data           2  arch_main.o(.bss)
    BeSecTmp                                 0x20009040   Data           4  arch_main.o(.bss)
    BatBuf2                                  0x20009044   Data          10  arch_main.o(.bss)
    txBuffer                                 0x2000904e   Data          32  arch_main.o(.bss)
    value0                                   0x20009070   Data           2  gpio.o(.bss)
    DropINT                                  0x20009072   Data           2  gpio.o(.bss)
    count_present                            0x20009074   Data           2  gpio.o(.bss)
    GPIO_status                              0x20009078   Data           8  gpio.o(.bss)
    GPIO                                     0x20009080   Data         160  gpio.o(.bss)
    GPIOHandlerFunction                      0x20009120   Data          20  gpio.o(.bss)
    USART_RX_STA                             0x20009134   Data           1  uart.o(.bss)
    js                                       0x20009135   Data           1  uart.o(.bss)
    rxBuffer                                 0x20009136   Data          74  uart.o(.bss)
    DropCnt                                  0x20009182   Data           2  pwm.o(.bss)
    opencount                                0x20009184   Data           2  pwm.o(.bss)
    iSecCount                                0x20009186   Data           2  pwm.o(.bss)
    LEDCount                                 0x20009188   Data           2  pwm.o(.bss)
    SystemCount                              0x2000918a   Data           2  pwm.o(.bss)
    iSecCnt2                                 0x2000918c   Data           2  pwm.o(.bss)
    iseccnt3                                 0x2000918e   Data           2  pwm.o(.bss)
    iseccnt4                                 0x20009190   Data           2  pwm.o(.bss)
    iseccnt4_flag                            0x20009192   Data           2  pwm.o(.bss)
    TIMER0_callback                          0x20009194   Data           4  pwm.o(.bss)
    timer                                    0x20009198   Data          10  pwm.o(.bss)
    streamdatad_env                          0x200091a2   Data          40  streamdatad.o(.bss)
    adv_timer_flag                           0x200091ca   Data           1  app_throughput_peripheral_proj.o(.bss)
    uBatRemainPercentMA                      0x200091cb   Data           1  app_throughput_peripheral_proj.o(.bss)
    adbattery_status                         0x200091cc   Data           1  app_throughput_peripheral_proj.o(.bss)
    BatCnt                                   0x200091cd   Data           1  app_throughput_peripheral_proj.o(.bss)
    kai                                      0x200091ce   Data           1  app_throughput_peripheral_proj.o(.bss)
    flag_uart                                0x200091d2   Data           1  app_throughput_peripheral_proj.o(.bss)
    VIsenseCount                             0x200091d5   Data           1  app_throughput_peripheral_proj.o(.bss)
    dbg                                      0x200091d6   Data           1  app_throughput_peripheral_proj.o(.bss)
    VIsense_Avg                              0x200091d8   Data           2  app_throughput_peripheral_proj.o(.bss)
    BatBuf                                   0x200091da   Data          10  app_throughput_peripheral_proj.o(.bss)
    VIsense                                  0x200091e4   Data          10  app_throughput_peripheral_proj.o(.bss)
    __initial_sp                             0x20009800   Data           0  boot_vectors.o(STACK)
    clk_per_reg                              0x50000004   Data           4  pwm.o(.ARM.__AT_0x50000004)
    timer0_ctrl_reg                          0x50003400   Data           4  pwm.o(.ARM.__AT_0x50003400)
    triple_pwm_ctrl_reg                      0x50003410   Data           4  pwm.o(.ARM.__AT_0x50003410)



==============================================================================

Memory Map of the image

  Image Entry point : 0x20000441

  Load Region LR_IROM1 (Base: 0x20000000, Size: 0x000000a0, Max: 0x00000160, ABSOLUTE)

    Execution Region ER_IROM1 (Exec base: 0x20000000, Load base: 0x20000000, Size: 0x000000a0, Max: 0x00000160, ABSOLUTE)

    Exec Addr    Load Addr    Size         Type   Attr      Idx    E Section Name        Object

    0x20000000   0x20000000   0x000000a0   Data   RO           52    RESET               boot_vectors.o



  Load Region LR_IROM2 (Base: 0x20000160, Size: 0x00000160, Max: 0x00000160, ABSOLUTE)

    Execution Region ER_IROM2 (Exec base: 0x20000160, Load base: 0x20000160, Size: 0x00000160, Max: 0x00000160, ABSOLUTE)

    Exec Addr    Load Addr    Size         Type   Attr      Idx    E Section Name        Object

    0x20000160   0x20000160   0x00000160   Data   RO          505    jump_table_mem_area  jump_table.o



  Load Region LR_IROM3 (Base: 0x200002c0, Size: 0x00000064, Max: 0x00000080, ABSOLUTE)

    Execution Region ER_IROM3 (Exec base: 0x200002c0, Load base: 0x200002c0, Size: 0x00000064, Max: 0x00000080, ABSOLUTE)

    Exec Addr    Load Addr    Size         Type   Attr      Idx    E Section Name        Object

    0x200002c0   0x200002c0   0x00000064   Data   RO         1011    timeout_table_area  gapm.o



  Load Region LR_IROM4 (Base: 0x20000340, Size: 0x000000a4, Max: 0x00000100, ABSOLUTE)

    Execution Region ER_IROM4 (Exec base: 0x20000340, Load base: 0x20000340, Size: 0x000000a4, Max: 0x00000100, ABSOLUTE)

    Exec Addr    Load Addr    Size         Type   Attr      Idx    E Section Name        Object

    0x20000340   0x20000340   0x000000a4   Data   RW         1049    nvds_data_storage_area  nvds.o



  Load Region LR_IROM5 (Base: 0x20000440, Size: 0x00006b2c, Max: 0x000093c0, ABSOLUTE)

    Execution Region ER_IROM5 (Exec base: 0x20000440, Load base: 0x20000440, Size: 0x00006c7c, Max: 0x00007ac0, ABSOLUTE)

    Exec Addr    Load Addr    Size         Type   Attr      Idx    E Section Name        Object

    0x20000440   0x20000440   0x00000000   Code   RO         1553  * .ARM.Collect$$$$00000000  mc_p.l(entry.o)
    0x20000440   0x20000440   0x00000004   Code   RO         1574    .ARM.Collect$$$$00000001  mc_p.l(entry2.o)
    0x20000444   0x20000444   0x00000004   Code   RO         1577    .ARM.Collect$$$$00000004  mc_p.l(entry5.o)
    0x20000448   0x20000448   0x00000000   Code   RO         1579    .ARM.Collect$$$$00000008  mc_p.l(entry7b.o)
    0x20000448   0x20000448   0x00000000   Code   RO         1581    .ARM.Collect$$$$0000000A  mc_p.l(entry8b.o)
    0x20000448   0x20000448   0x00000008   Code   RO         1582    .ARM.Collect$$$$0000000B  mc_p.l(entry9a.o)
    0x20000450   0x20000450   0x00000000   Code   RO         1584    .ARM.Collect$$$$0000000D  mc_p.l(entry10a.o)
    0x20000450   0x20000450   0x00000000   Code   RO         1586    .ARM.Collect$$$$0000000F  mc_p.l(entry11a.o)
    0x20000450   0x20000450   0x00000004   Code   RO         1575    .ARM.Collect$$$$00002712  mc_p.l(entry2.o)
    0x20000454   0x20000454   0x00000054   Code   RO            2    .text               system_armcm0.o
    0x200004a8   0x200004a8   0x0000006c   Code   RO           53    .text               boot_vectors.o
    0x20000514   0x20000514   0x0000005c   Code   RO           58    .text               hardfault_handler.o
    0x20000570   0x20000570   0x00000f54   Code   RO          114    .text               arch_main.o
    0x200014c4   0x200014c4   0x00000002   Code   RO          500    .text               jump_table.o
    0x200014c6   0x200014c6   0x00000002   PAD
    0x200014c8   0x200014c8   0x00000110   Code   RO          571    .text               arch_sleep.o
    0x200015d8   0x200015d8   0x0000008c   Code   RO          590    .text               nmi_handler.o
    0x20001664   0x20001664   0x0000068c   Code   RO          609    .text               periph_setup.o
    0x20001cf0   0x20001cf0   0x000002d4   Code   RO          647    .text               arch_system.o
    0x20001fc4   0x20001fc4   0x000002e8   Code   RO          691    .text               rf_580.o
    0x200022ac   0x200022ac   0x00000060   Code   RO          716    .text               gpio.o
    0x2000230c   0x2000230c   0x00000180   Code   RO          794    .text               uart.o
    0x2000248c   0x2000248c   0x00000140   Code   RO          821    .text               pwm.o
    0x200025cc   0x200025cc   0x00000128   Code   RO          958    .text               adc.o
    0x200026f4   0x200026f4   0x00000148   Code   RO          974    .text               spi.o
    0x2000283c   0x2000283c   0x000004c0   Code   RO          990    .text               spi_flash.o
    0x20002cfc   0x20002cfc   0x000000b8   Code   RO         1007    .text               ke_task.obj
    0x20002db4   0x20002db4   0x000000c4   Code   RO         1009    .text               ch_map.obj
    0x20002e78   0x20002e78   0x000000ec   Code   RO         1038    .text               atts_task.obj
    0x20002f64   0x20002f64   0x000000ec   Code   RO         1042    .text               smpc.obj
    0x20003050   0x20003050   0x0000020c   Code   RO         1044    .text               smpc_task.obj
    0x2000325c   0x2000325c   0x00000180   Code   RO         1046    .text               gapm_util.obj
    0x200033dc   0x200033dc   0x00000278   Code   RO         1048    .text               nvds.o
    0x20003654   0x20003654   0x00000188   Code   RO         1068    .text               rwip.o
    0x200037dc   0x200037dc   0x000001b4   Code   RO         1087    .text               rwble.o
    0x20003990   0x20003990   0x00000130   Code   RO         1115    .text               prf_utils.o
    0x20003ac0   0x20003ac0   0x00000024   Code   RO         1160    .text               streamdatad.o
    0x20003ae4   0x20003ae4   0x000001f4   Code   RO         1194    .text               streamdatad_task.o
    0x20003cd8   0x20003cd8   0x0000045c   Code   RO         1228    .text               spotar_task.o
    0x20004134   0x20004134   0x0000007c   Code   RO         1251    .text               spotar.o
    0x200041b0   0x200041b0   0x000000fc   Code   RO         1290    .text               diss_task.o
    0x200042ac   0x200042ac   0x000000a4   Code   RO         1316    .text               diss.o
    0x20004350   0x20004350   0x00000180   Code   RO         1350    .text               app.o
    0x200044d0   0x200044d0   0x000000b0   Code   RO         1375    .text               app_sec.o
    0x20004580   0x20004580   0x00000124   Code   RO         1396    .text               app_sec_task.o
    0x200046a4   0x200046a4   0x0000013c   Code   RO         1408    .text               app_task.o
    0x200047e0   0x200047e0   0x0000062c   Code   RO         1431    .text               app_throughput_peripheral_proj.o
    0x20004e0c   0x20004e0c   0x00000040   Code   RO         1457    .text               app_streamdatad.o
    0x20004e4c   0x20004e4c   0x00000026   Code   RO         1476    .text               app_streamdatad_task.o
    0x20004e72   0x20004e72   0x00000002   PAD
    0x20004e74   0x20004e74   0x00000160   Code   RO         1494    .text               app_spotar_task.o
    0x20004fd4   0x20004fd4   0x00000888   Code   RO         1509    .text               app_spotar.o
    0x2000585c   0x2000585c   0x00000164   Code   RO         1529    .text               app_dis_task.o
    0x200059c0   0x200059c0   0x00000040   Code   RO         1541    .text               app_dis.o
    0x20005a00   0x20005a00   0x0000007a   Code   RO         1554    .text               mf_p.l(fmul.o)
    0x20005a7a   0x20005a7a   0x0000007c   Code   RO         1556    .text               mf_p.l(fdiv.o)
    0x20005af6   0x20005af6   0x00000018   Code   RO         1558    .text               mf_p.l(fscalb.o)
    0x20005b0e   0x20005b0e   0x00000002   PAD
    0x20005b10   0x20005b10   0x00000164   Code   RO         1560    .text               mf_p.l(dadd.o)
    0x20005c74   0x20005c74   0x000000f0   Code   RO         1562    .text               mf_p.l(ddiv.o)
    0x20005d64   0x20005d64   0x0000000e   Code   RO         1564    .text               mf_p.l(ffltui.o)
    0x20005d72   0x20005d72   0x00000028   Code   RO         1566    .text               mf_p.l(ffixui.o)
    0x20005d9a   0x20005d9a   0x00000002   PAD
    0x20005d9c   0x20005d9c   0x0000003c   Code   RO         1568    .text               mf_p.l(dfixui.o)
    0x20005dd8   0x20005dd8   0x00000028   Code   RO         1570    .text               mf_p.l(f2d.o)
    0x20005e00   0x20005e00   0x00000038   Code   RO         1572    .text               mf_p.l(d2f.o)
    0x20005e38   0x20005e38   0x00000026   Code   RO         1588    .text               mc_p.l(llsshr.o)
    0x20005e5e   0x20005e5e   0x00000082   Code   RO         1590    .text               mf_p.l(fepilogue.o)
    0x20005ee0   0x20005ee0   0x00000024   Code   RO         1592    .text               mc_p.l(init.o)
    0x20005f04   0x20005f04   0x0000000c   Ven    RO         1602    Veneer$$Code        anon$$obj.o
    0x20005f10   0x20005f10   0x0000000c   Ven    RO         1603    Veneer$$Code        anon$$obj.o
    0x20005f1c   0x20005f1c   0x0000000c   Ven    RO         1604    Veneer$$Code        anon$$obj.o
    0x20005f28   0x20005f28   0x0000000c   Ven    RO         1605    Veneer$$Code        anon$$obj.o
    0x20005f34   0x20005f34   0x0000000c   Ven    RO         1606    Veneer$$Code        anon$$obj.o
    0x20005f40   0x20005f40   0x0000000c   Ven    RO         1607    Veneer$$Code        anon$$obj.o
    0x20005f4c   0x20005f4c   0x0000000c   Ven    RO         1608    Veneer$$Code        anon$$obj.o
    0x20005f58   0x20005f58   0x0000000c   Ven    RO         1609    Veneer$$Code        anon$$obj.o
    0x20005f64   0x20005f64   0x0000000c   Ven    RO         1610    Veneer$$Code        anon$$obj.o
    0x20005f70   0x20005f70   0x0000000c   Ven    RO         1611    Veneer$$Code        anon$$obj.o
    0x20005f7c   0x20005f7c   0x0000000c   Ven    RO         1612    Veneer$$Code        anon$$obj.o
    0x20005f88   0x20005f88   0x0000000c   Ven    RO         1613    Veneer$$Code        anon$$obj.o
    0x20005f94   0x20005f94   0x0000000c   Ven    RO         1614    Veneer$$Code        anon$$obj.o
    0x20005fa0   0x20005fa0   0x0000000c   Ven    RO         1615    Veneer$$Code        anon$$obj.o
    0x20005fac   0x20005fac   0x0000000c   Ven    RO         1616    Veneer$$Code        anon$$obj.o
    0x20005fb8   0x20005fb8   0x0000000c   Ven    RO         1617    Veneer$$Code        anon$$obj.o
    0x20005fc4   0x20005fc4   0x0000000c   Ven    RO         1618    Veneer$$Code        anon$$obj.o
    0x20005fd0   0x20005fd0   0x0000000c   Ven    RO         1619    Veneer$$Code        anon$$obj.o
    0x20005fdc   0x20005fdc   0x0000000c   Ven    RO         1620    Veneer$$Code        anon$$obj.o
    0x20005fe8   0x20005fe8   0x0000000c   Ven    RO         1621    Veneer$$Code        anon$$obj.o
    0x20005ff4   0x20005ff4   0x0000000c   Ven    RO         1622    Veneer$$Code        anon$$obj.o
    0x20006000   0x20006000   0x0000000c   Ven    RO         1623    Veneer$$Code        anon$$obj.o
    0x2000600c   0x2000600c   0x0000000c   Ven    RO         1624    Veneer$$Code        anon$$obj.o
    0x20006018   0x20006018   0x0000000c   Ven    RO         1625    Veneer$$Code        anon$$obj.o
    0x20006024   0x20006024   0x0000000c   Ven    RO         1626    Veneer$$Code        anon$$obj.o
    0x20006030   0x20006030   0x0000000c   Ven    RO         1627    Veneer$$Code        anon$$obj.o
    0x2000603c   0x2000603c   0x0000000c   Ven    RO         1628    Veneer$$Code        anon$$obj.o
    0x20006048   0x20006048   0x0000000c   Ven    RO         1629    Veneer$$Code        anon$$obj.o
    0x20006054   0x20006054   0x0000000c   Ven    RO         1630    Veneer$$Code        anon$$obj.o
    0x20006060   0x20006060   0x0000000c   Ven    RO         1631    Veneer$$Code        anon$$obj.o
    0x2000606c   0x2000606c   0x0000000c   Ven    RO         1632    Veneer$$Code        anon$$obj.o
    0x20006078   0x20006078   0x0000000c   Ven    RO         1633    Veneer$$Code        anon$$obj.o
    0x20006084   0x20006084   0x0000000c   Ven    RO         1634    Veneer$$Code        anon$$obj.o
    0x20006090   0x20006090   0x0000000c   Ven    RO         1635    Veneer$$Code        anon$$obj.o
    0x2000609c   0x2000609c   0x0000000c   Ven    RO         1636    Veneer$$Code        anon$$obj.o
    0x200060a8   0x200060a8   0x0000000c   Ven    RO         1637    Veneer$$Code        anon$$obj.o
    0x200060b4   0x200060b4   0x0000000c   Ven    RO         1638    Veneer$$Code        anon$$obj.o
    0x200060c0   0x200060c0   0x0000000c   Ven    RO         1639    Veneer$$Code        anon$$obj.o
    0x200060cc   0x200060cc   0x0000000c   Ven    RO         1640    Veneer$$Code        anon$$obj.o
    0x200060d8   0x200060d8   0x0000000c   Ven    RO         1641    Veneer$$Code        anon$$obj.o
    0x200060e4   0x200060e4   0x0000000c   Ven    RO         1642    Veneer$$Code        anon$$obj.o
    0x200060f0   0x200060f0   0x0000000c   Ven    RO         1643    Veneer$$Code        anon$$obj.o
    0x200060fc   0x200060fc   0x0000000c   Ven    RO         1644    Veneer$$Code        anon$$obj.o
    0x20006108   0x20006108   0x0000000c   Ven    RO         1645    Veneer$$Code        anon$$obj.o
    0x20006114   0x20006114   0x0000000c   Ven    RO         1646    Veneer$$Code        anon$$obj.o
    0x20006120   0x20006120   0x0000000c   Ven    RO         1647    Veneer$$Code        anon$$obj.o
    0x2000612c   0x2000612c   0x0000000c   Ven    RO         1648    Veneer$$Code        anon$$obj.o
    0x20006138   0x20006138   0x0000000c   Ven    RO         1649    Veneer$$Code        anon$$obj.o
    0x20006144   0x20006144   0x0000000c   Ven    RO         1650    Veneer$$Code        anon$$obj.o
    0x20006150   0x20006150   0x0000000c   Ven    RO         1651    Veneer$$Code        anon$$obj.o
    0x2000615c   0x2000615c   0x0000000c   Ven    RO         1652    Veneer$$Code        anon$$obj.o
    0x20006168   0x20006168   0x0000000c   Ven    RO         1653    Veneer$$Code        anon$$obj.o
    0x20006174   0x20006174   0x0000000c   Ven    RO         1654    Veneer$$Code        anon$$obj.o
    0x20006180   0x20006180   0x0000000c   Ven    RO         1655    Veneer$$Code        anon$$obj.o
    0x2000618c   0x2000618c   0x0000000c   Ven    RO         1656    Veneer$$Code        anon$$obj.o
    0x20006198   0x20006198   0x0000000c   Ven    RO         1657    Veneer$$Code        anon$$obj.o
    0x200061a4   0x200061a4   0x0000000c   Ven    RO         1658    Veneer$$Code        anon$$obj.o
    0x200061b0   0x200061b0   0x0000000c   Ven    RO         1659    Veneer$$Code        anon$$obj.o
    0x200061bc   0x200061bc   0x0000000c   Ven    RO         1660    Veneer$$Code        anon$$obj.o
    0x200061c8   0x200061c8   0x0000000c   Ven    RO         1661    Veneer$$Code        anon$$obj.o
    0x200061d4   0x200061d4   0x0000000c   Ven    RO         1662    Veneer$$Code        anon$$obj.o
    0x200061e0   0x200061e0   0x0000000c   Ven    RO         1663    Veneer$$Code        anon$$obj.o
    0x200061ec   0x200061ec   0x0000000c   Ven    RO         1664    Veneer$$Code        anon$$obj.o
    0x200061f8   0x200061f8   0x0000000c   Ven    RO         1665    Veneer$$Code        anon$$obj.o
    0x20006204   0x20006204   0x0000000c   Ven    RO         1666    Veneer$$Code        anon$$obj.o
    0x20006210   0x20006210   0x0000000c   Ven    RO         1667    Veneer$$Code        anon$$obj.o
    0x2000621c   0x2000621c   0x0000000c   Ven    RO         1668    Veneer$$Code        anon$$obj.o
    0x20006228   0x20006228   0x0000000c   Ven    RO         1669    Veneer$$Code        anon$$obj.o
    0x20006234   0x20006234   0x0000000c   Ven    RO         1670    Veneer$$Code        anon$$obj.o
    0x20006240   0x20006240   0x0000000c   Ven    RO         1671    Veneer$$Code        anon$$obj.o
    0x2000624c   0x2000624c   0x0000000c   Ven    RO         1672    Veneer$$Code        anon$$obj.o
    0x20006258   0x20006258   0x0000000c   Ven    RO         1673    Veneer$$Code        anon$$obj.o
    0x20006264   0x20006264   0x0000000c   Ven    RO         1674    Veneer$$Code        anon$$obj.o
    0x20006270   0x20006270   0x0000000c   Ven    RO         1675    Veneer$$Code        anon$$obj.o
    0x2000627c   0x2000627c   0x0000000c   Ven    RO         1676    Veneer$$Code        anon$$obj.o
    0x20006288   0x20006288   0x0000000c   Ven    RO         1677    Veneer$$Code        anon$$obj.o
    0x20006294   0x20006294   0x0000000c   Ven    RO         1678    Veneer$$Code        anon$$obj.o
    0x200062a0   0x200062a0   0x0000000c   Ven    RO         1679    Veneer$$Code        anon$$obj.o
    0x200062ac   0x200062ac   0x0000000c   Ven    RO         1680    Veneer$$Code        anon$$obj.o
    0x200062b8   0x200062b8   0x0000000c   Ven    RO         1681    Veneer$$Code        anon$$obj.o
    0x200062c4   0x200062c4   0x0000000c   Ven    RO         1682    Veneer$$Code        anon$$obj.o
    0x200062d0   0x200062d0   0x0000000c   Ven    RO         1683    Veneer$$Code        anon$$obj.o
    0x200062dc   0x200062dc   0x0000000c   Ven    RO         1684    Veneer$$Code        anon$$obj.o
    0x200062e8   0x200062e8   0x0000000c   Ven    RO         1685    Veneer$$Code        anon$$obj.o
    0x200062f4   0x200062f4   0x0000000c   Ven    RO         1686    Veneer$$Code        anon$$obj.o
    0x20006300   0x20006300   0x0000000c   Ven    RO         1687    Veneer$$Code        anon$$obj.o
    0x2000630c   0x2000630c   0x0000000c   Ven    RO         1688    Veneer$$Code        anon$$obj.o
    0x20006318   0x20006318   0x0000000c   Ven    RO         1689    Veneer$$Code        anon$$obj.o
    0x20006324   0x20006324   0x0000000c   Ven    RO         1690    Veneer$$Code        anon$$obj.o
    0x20006330   0x20006330   0x0000000c   Ven    RO         1691    Veneer$$Code        anon$$obj.o
    0x2000633c   0x2000633c   0x0000000c   Ven    RO         1692    Veneer$$Code        anon$$obj.o
    0x20006348   0x20006348   0x0000000c   Ven    RO         1693    Veneer$$Code        anon$$obj.o
    0x20006354   0x20006354   0x0000000c   Ven    RO         1694    Veneer$$Code        anon$$obj.o
    0x20006360   0x20006360   0x0000000c   Ven    RO         1695    Veneer$$Code        anon$$obj.o
    0x2000636c   0x2000636c   0x0000000c   Ven    RO         1696    Veneer$$Code        anon$$obj.o
    0x20006378   0x20006378   0x0000000c   Ven    RO         1697    Veneer$$Code        anon$$obj.o
    0x20006384   0x20006384   0x0000000c   Ven    RO         1698    Veneer$$Code        anon$$obj.o
    0x20006390   0x20006390   0x0000000c   Ven    RO         1699    Veneer$$Code        anon$$obj.o
    0x2000639c   0x2000639c   0x0000000c   Ven    RO         1700    Veneer$$Code        anon$$obj.o
    0x200063a8   0x200063a8   0x0000000c   Ven    RO         1701    Veneer$$Code        anon$$obj.o
    0x200063b4   0x200063b4   0x0000000c   Ven    RO         1702    Veneer$$Code        anon$$obj.o
    0x200063c0   0x200063c0   0x0000000c   Ven    RO         1703    Veneer$$Code        anon$$obj.o
    0x200063cc   0x200063cc   0x0000000c   Ven    RO         1704    Veneer$$Code        anon$$obj.o
    0x200063d8   0x200063d8   0x0000000c   Ven    RO         1705    Veneer$$Code        anon$$obj.o
    0x200063e4   0x200063e4   0x0000000c   Ven    RO         1706    Veneer$$Code        anon$$obj.o
    0x200063f0   0x200063f0   0x0000000c   Ven    RO         1707    Veneer$$Code        anon$$obj.o
    0x200063fc   0x200063fc   0x0000000c   Ven    RO         1708    Veneer$$Code        anon$$obj.o
    0x20006408   0x20006408   0x0000000c   Ven    RO         1709    Veneer$$Code        anon$$obj.o
    0x20006414   0x20006414   0x0000000c   Ven    RO         1710    Veneer$$Code        anon$$obj.o
    0x20006420   0x20006420   0x0000000c   Ven    RO         1711    Veneer$$Code        anon$$obj.o
    0x2000642c   0x2000642c   0x0000000c   Ven    RO         1712    Veneer$$Code        anon$$obj.o
    0x20006438   0x20006438   0x0000000c   Ven    RO         1713    Veneer$$Code        anon$$obj.o
    0x20006444   0x20006444   0x0000000c   Ven    RO         1714    Veneer$$Code        anon$$obj.o
    0x20006450   0x20006450   0x00000054   Code   RO          754    i.GPIO_ConfigurePin  gpio.o
    0x200064a4   0x200064a4   0x00000264   Code   RO          766    i.GPIO_EnableIRQ    gpio.o
    0x20006708   0x20006708   0x00000048   Code   RO          760    i.GPIO_GetPinStatus  gpio.o
    0x20006750   0x20006750   0x00000098   Code   RO          772    i.GPIO_ResetIRQ     gpio.o
    0x200067e8   0x200067e8   0x00000044   Code   RO          748    i.GPIO_SetActive    gpio.o
    0x2000682c   0x2000682c   0x00000044   Code   RO          742    i.GPIO_SetInactive  gpio.o
    0x20006870   0x20006870   0x00000048   Code   RO          736    i.GPIO_SetPinFunction  gpio.o
    0x200068b8   0x200068b8   0x00000094   Code   RO          730    i.GPIO_init         gpio.o
    0x2000694c   0x2000694c   0x0000000e   Code   RO         1596    i.__scatterload_copy  mc_p.l(handlers.o)
    0x2000695a   0x2000695a   0x00000002   Code   RO         1597    i.__scatterload_null  mc_p.l(handlers.o)
    0x2000695c   0x2000695c   0x0000000e   Code   RO         1598    i.__scatterload_zeroinit  mc_p.l(handlers.o)
    0x2000696a   0x2000696a   0x00000002   PAD
    0x2000696c   0x2000696c   0x00000018   Code   RO          842    i.set_tmr_div       pwm.o
    0x20006984   0x20006984   0x00000018   Code   RO          836    i.set_tmr_enable    pwm.o
    0x2000699c   0x2000699c   0x00000010   Code   RO          848    i.timer0_start      pwm.o
    0x200069ac   0x200069ac   0x00000018   Code   RO          889    i.timer2_enable     pwm.o
    0x200069c4   0x200069c4   0x00000018   Code   RO          894    i.timer2_set_hw_pause  pwm.o
    0x200069dc   0x200069dc   0x0000000c   Code   RO          915    i.timer2_set_pwm2_duty_cycle  pwm.o
    0x200069e8   0x200069e8   0x00000018   Code   RO          899    i.timer2_set_sw_pause  pwm.o
    0x20006a00   0x20006a00   0x00000020   Data   RO          118    .constdata          arch_main.o
    0x20006a20   0x20006a20   0x00000016   Data   RO          119    .constdata          arch_main.o
    0x20006a36   0x20006a36   0x00000008   Data   RO          718    .constdata          gpio.o
    0x20006a3e   0x20006a3e   0x00000002   PAD
    0x20006a40   0x20006a40   0x00000050   Data   RO          992    .constdata          spi_flash.o
    0x20006a90   0x20006a90   0x00000010   Data   RO         1162    .constdata          streamdatad.o
    0x20006aa0   0x20006aa0   0x00000002   Data   RO         1198    .constdata          streamdatad_task.o
    0x20006aa2   0x20006aa2   0x00000005   Data   RO         1199    .constdata          streamdatad_task.o
    0x20006aa7   0x20006aa7   0x00000005   Data   RO         1200    .constdata          streamdatad_task.o
    0x20006aac   0x20006aac   0x00000019   Data   RO         1201    .constdata          streamdatad_task.o
    0x20006ac5   0x20006ac5   0x00000005   Data   RO         1202    .constdata          streamdatad_task.o
    0x20006aca   0x20006aca   0x00000002   PAD
    0x20006acc   0x20006acc   0x0000006c   Data   RO         1203    .constdata          streamdatad_task.o
    0x20006b38   0x20006b38   0x00000008   Data   RO         1204    .constdata          streamdatad_task.o
    0x20006b40   0x20006b40   0x00000008   Data   RO         1205    .constdata          streamdatad_task.o
    0x20006b48   0x20006b48   0x00000010   Data   RO         1206    .constdata          streamdatad_task.o
    0x20006b58   0x20006b58   0x00000018   Data   RO         1207    .constdata          streamdatad_task.o
    0x20006b70   0x20006b70   0x00000008   Data   RO         1208    .constdata          streamdatad_task.o
    0x20006b78   0x20006b78   0x00000008   Data   RO         1229    .constdata          spotar_task.o
    0x20006b80   0x20006b80   0x00000008   Data   RO         1230    .constdata          spotar_task.o
    0x20006b88   0x20006b88   0x00000018   Data   RO         1231    .constdata          spotar_task.o
    0x20006ba0   0x20006ba0   0x00000008   Data   RO         1232    .constdata          spotar_task.o
    0x20006ba8   0x20006ba8   0x00000018   Data   RO         1233    .constdata          spotar_task.o
    0x20006bc0   0x20006bc0   0x00000008   Data   RO         1234    .constdata          spotar_task.o
    0x20006bc8   0x20006bc8   0x00000002   Data   RO         1258    .constdata          spotar.o
    0x20006bca   0x20006bca   0x00000010   Data   RO         1259    .constdata          spotar.o
    0x20006bda   0x20006bda   0x00000010   Data   RO         1260    .constdata          spotar.o
    0x20006bea   0x20006bea   0x00000010   Data   RO         1261    .constdata          spotar.o
    0x20006bfa   0x20006bfa   0x00000010   Data   RO         1262    .constdata          spotar.o
    0x20006c0a   0x20006c0a   0x00000010   Data   RO         1263    .constdata          spotar.o
    0x20006c1a   0x20006c1a   0x00000010   Data   RO         1264    .constdata          spotar.o
    0x20006c2a   0x20006c2a   0x00000002   PAD
    0x20006c2c   0x20006c2c   0x00000010   Data   RO         1265    .constdata          spotar.o
    0x20006c3c   0x20006c3c   0x00000008   Data   RO         1291    .constdata          diss_task.o
    0x20006c44   0x20006c44   0x00000010   Data   RO         1292    .constdata          diss_task.o
    0x20006c54   0x20006c54   0x00000008   Data   RO         1293    .constdata          diss_task.o
    0x20006c5c   0x20006c5c   0x00000018   Data   RO         1294    .constdata          diss_task.o
    0x20006c74   0x20006c74   0x00000008   Data   RO         1295    .constdata          diss_task.o
    0x20006c7c   0x20006c7c   0x000000e4   Data   RO         1317    .constdata          diss.o
    0x20006d60   0x20006d60   0x00000002   Data   RO         1318    .constdata          diss.o
    0x20006d62   0x20006d62   0x00000005   Data   RO         1319    .constdata          diss.o
    0x20006d67   0x20006d67   0x00000005   Data   RO         1320    .constdata          diss.o
    0x20006d6c   0x20006d6c   0x00000005   Data   RO         1321    .constdata          diss.o
    0x20006d71   0x20006d71   0x00000005   Data   RO         1322    .constdata          diss.o
    0x20006d76   0x20006d76   0x00000005   Data   RO         1323    .constdata          diss.o
    0x20006d7b   0x20006d7b   0x00000005   Data   RO         1324    .constdata          diss.o
    0x20006d80   0x20006d80   0x00000005   Data   RO         1325    .constdata          diss.o
    0x20006d85   0x20006d85   0x00000005   Data   RO         1326    .constdata          diss.o
    0x20006d8a   0x20006d8a   0x00000005   Data   RO         1327    .constdata          diss.o
    0x20006d8f   0x20006d8f   0x00000001   PAD
    0x20006d90   0x20006d90   0x00000010   Data   RO         1328    .constdata          diss.o
    0x20006da0   0x20006da0   0x00000010   Data   RO         1352    .constdata          app.o
    0x20006db0   0x20006db0   0x000000d0   Data   RO         1409    .constdata          app_task.o
    0x20006e80   0x20006e80   0x00000008   Data   RO         1410    .constdata          app_task.o
    0x20006e88   0x20006e88   0x0000000d   Data   RO          719    .conststring        gpio.o
    0x20006e95   0x20006e95   0x00000003   PAD
    0x20006e98   0x20006e98   0x00000040   Data   RO         1594    Region$$Table       anon$$obj.o
    0x20006ed8   0x20006ed8   0x0000000c   Data   RW          120    .data               arch_main.o
    0x20006ee4   0x20006ee4   0x00000013   Data   RW          613    .data               periph_setup.o
    0x20006ef7   0x20006ef7   0x00000013   Data   RW         1266    .data               spotar.o
    0x20006f0a   0x20006f0a   0x00000013   Data   RW         1267    .data               spotar.o
    0x20006f1d   0x20006f1d   0x00000013   Data   RW         1268    .data               spotar.o
    0x20006f30   0x20006f30   0x00000013   Data   RW         1269    .data               spotar.o
    0x20006f43   0x20006f43   0x00000013   Data   RW         1270    .data               spotar.o
    0x20006f56   0x20006f56   0x00000013   Data   RW         1271    .data               spotar.o
    0x20006f69   0x20006f69   0x00000001   Data   RW         1438    .data               app_throughput_peripheral_proj.o
    0x20006f6a   0x20006f6a   0x00000002   PAD
    0x20006f6c        -       0x00000150   Zero   RW         1511    spotar_patch_area   app_spotar.o


    Execution Region RW_IRAM50 (Exec base: 0x20008000, Load base: 0x20006f6c, Size: 0x000000b8, Max: 0x00000bf4, ABSOLUTE)

    Exec Addr    Load Addr    Size         Type   Attr      Idx    E Section Name        Object

    0x20008000        -       0x00000006   Zero   RW          610    .bss                periph_setup.o
    0x20008006        -       0x00000002   Zero   RW          975    .bss                spi.o
    0x20008008        -       0x00000010   Zero   RW          991    .bss                spi_flash.o
    0x20008018        -       0x00000007   Zero   RW         1195    .bss                streamdatad_task.o
    0x2000801f        -       0x00000001   Zero   RW         1197    .bss                streamdatad_task.o
    0x20008020        -       0x00000001   Zero   RW         1351    .bss                app.o
    0x20008021        -       0x00000001   Zero   RW         1435    .bss                app_throughput_peripheral_proj.o
    0x20008022        -       0x00000001   Zero   RW          123    retention_mem_area0  arch_main.o
    0x20008023        -       0x00000004   Zero   RW          572    retention_mem_area0  arch_sleep.o
    0x20008027   0x20006f6c   0x00000001   PAD
    0x20008028        -       0x00000014   Zero   RW          648    retention_mem_area0  arch_system.o
    0x2000803c        -       0x00000006   Zero   RW         1050    retention_mem_area0  nvds.o
    0x20008042        -       0x00000001   Zero   RW         1088    retention_mem_area0  rwble.o
    0x20008043        -       0x00000001   Zero   RW         1235    retention_mem_area0  spotar_task.o
    0x20008044        -       0x00000008   Zero   RW         1272    retention_mem_area0  spotar.o
    0x2000804c        -       0x00000001   Zero   RW         1296    retention_mem_area0  diss_task.o
    0x2000804d   0x20006f6c   0x00000001   PAD
    0x2000804e        -       0x00000012   Zero   RW         1329    retention_mem_area0  diss.o
    0x20008060        -       0x0000000c   Zero   RW         1353    retention_mem_area0  app.o
    0x2000806c        -       0x00000024   Zero   RW         1376    retention_mem_area0  app_sec.o
    0x20008090        -       0x00000001   Zero   RW         1411    retention_mem_area0  app_task.o
    0x20008091   0x20006f6c   0x00000003   PAD
    0x20008094        -       0x00000024   Zero   RW         1510    retention_mem_area0  app_spotar.o


    Execution Region RW_IRAM51 (Exec base: 0x20008bf4, Load base: 0x20006f6c, Size: 0x0000040c, Max: 0x0000040c, ABSOLUTE, UNINIT)

    Exec Addr    Load Addr    Size         Type   Attr      Idx    E Section Name        Object

    0x20008bf4        -       0x0000040c   Zero   RW          503    heap_mem_area_not_ret  jump_table.o


    Execution Region RW_IRAM52 (Exec base: 0x20009000, Load base: 0x20006f6c, Size: 0x00000020, Max: 0x00000020, ABSOLUTE)

    Exec Addr    Load Addr    Size         Type   Attr      Idx    E Section Name        Object

    0x20009000        -       0x00000020   Zero   RW            1    RW_IRAM52.bss       anon$$obj.o


    Execution Region RW_IRAM53 (Exec base: 0x20009020, Load base: 0x20006f6c, Size: 0x000001d0, Max: 0x000001e0, ABSOLUTE)

    Exec Addr    Load Addr    Size         Type   Attr      Idx    E Section Name        Object

    0x20009020        -       0x0000004e   Zero   RW          115    .bss                arch_main.o
    0x2000906e   0x20006f6c   0x00000002   PAD
    0x20009070        -       0x000000c4   Zero   RW          717    .bss                gpio.o
    0x20009134        -       0x0000004c   Zero   RW          795    .bss                uart.o
    0x20009180        -       0x00000022   Zero   RW          825    .bss                pwm.o
    0x200091a2        -       0x00000028   Zero   RW         1161    .bss                streamdatad.o
    0x200091ca        -       0x00000024   Zero   RW         1432    .bss                app_throughput_peripheral_proj.o


    Execution Region RW_IRAM54 (Exec base: 0x20009200, Load base: 0x20006f6c, Size: 0x00000600, Max: 0x00000600, ABSOLUTE, UNINIT)

    Exec Addr    Load Addr    Size         Type   Attr      Idx    E Section Name        Object

    0x20009200        -       0x00000600   Zero   RW           50    STACK               boot_vectors.o



  Load Region LR_RETENTION_RAM2 (Base: 0x00080768, Size: 0x00000000, Max: 0x00002898, ABSOLUTE)

    Execution Region ZI_RET20 (Exec base: 0x00080768, Load base: 0x00080768, Size: 0x00000a8c, Max: 0x000022b8, ABSOLUTE, UNINIT)

    Exec Addr    Load Addr    Size         Type   Attr      Idx    E Section Name        Object

    0x00080768        -       0x0000040c   Zero   RW          501    heap_db_area        jump_table.o
    0x00080b74        -       0x00000154   Zero   RW          502    heap_env_area       jump_table.o
    0x00080cc8        -       0x0000052c   Zero   RW          504    heap_msg_area       jump_table.o


    Execution Region ZI_RET21 (Exec base: 0x00082a20, Load base: 0x00080768, Size: 0x000005e0, Max: 0x000005e0, ABSOLUTE)

    Exec Addr    Load Addr    Size         Type   Attr      Idx    E Section Name        Object

    0x00082a20        -       0x000005de   Zero   RW          122    BLE_exchange_memory  arch_main.o



  Load Region LR$$.ARM.__AT_0x50000004 (Base: 0x50000004, Size: 0x00000000, Max: 0x00000004, ABSOLUTE)

    Execution Region ER$$.ARM.__AT_0x50000004 (Exec base: 0x50000004, Load base: 0x50000004, Size: 0x00000004, Max: 0x00000004, ABSOLUTE, UNINIT)

    Exec Addr    Load Addr    Size         Type   Attr      Idx    E Section Name        Object

    0x50000004        -       0x00000004   Zero   RW          822    .ARM.__AT_0x50000004  pwm.o



  Load Region LR$$.ARM.__AT_0x50003400 (Base: 0x50003400, Size: 0x00000000, Max: 0x00000004, ABSOLUTE)

    Execution Region ER$$.ARM.__AT_0x50003400 (Exec base: 0x50003400, Load base: 0x50003400, Size: 0x00000004, Max: 0x00000004, ABSOLUTE, UNINIT)

    Exec Addr    Load Addr    Size         Type   Attr      Idx    E Section Name        Object

    0x50003400        -       0x00000004   Zero   RW          823    .ARM.__AT_0x50003400  pwm.o



  Load Region LR$$.ARM.__AT_0x50003410 (Base: 0x50003410, Size: 0x00000000, Max: 0x00000004, ABSOLUTE)

    Execution Region ER$$.ARM.__AT_0x50003410 (Exec base: 0x50003410, Load base: 0x50003410, Size: 0x00000004, Max: 0x00000004, ABSOLUTE, UNINIT)

    Exec Addr    Load Addr    Size         Type   Attr      Idx    E Section Name        Object

    0x50003410        -       0x00000004   Zero   RW          824    .ARM.__AT_0x50003410  pwm.o


==============================================================================

Image component sizes


      Code (inc. data)   RO Data    RW Data    ZI Data      Debug   Object Name

       296         16          0          0          0       2385   adc.o
       384         60         16          0         13       4470   app.o
        64          4          0          0          0       1601   app_dis.o
       356         60          0          0          0       2274   app_dis_task.o
       176         22          0          0         36       3223   app_sec.o
       292         28          0          0          0       2452   app_sec_task.o
      2184         60          0          0        372      12490   app_spotar.o
       352         12          0          0          0       2895   app_spotar_task.o
        64         10          0          0          0       3088   app_streamdatad.o
        38          0          0          0          0       1599   app_streamdatad_task.o
       316          8        216          0          1       5928   app_task.o
      1580        186          0          1         37      10416   app_throughput_peripheral_proj.o
      3924        612         54         12       1581     170989   arch_main.o
       272         20          0          0          4       4596   arch_sleep.o
       724         64          0          0         20      82786   arch_system.o
       236         18          0          0          0         72   atts_task.obj
       108         22        160          0       1536        784   boot_vectors.o
       196         12          0          0          0        108   ch_map.obj
       164         14        291          0         18       6237   diss.o
       252         12         64          0          1       4252   diss_task.o
         0          0        100          0          0       1244   gapm.o
       384         38          0          0          0        112   gapm_util.obj
      1372         94         21          0        196      16597   gpio.o
        92          8          0          0          0      93894   hardfault_handler.o
         2          0        352          0       3736       2964   jump_table.o
       184         18          0          0          0         96   ke_task.obj
       140         16          0          0          0       9169   nmi_handler.o
       632         30          0        164          6       8051   nvds.o
      1676         46          0         19          6       7067   periph_setup.o
       304         38          0          0          0       6807   prf_utils.o
       468         70          0          0         46      14797   pwm.o
       744        176          0          0          0      64988   rf_580.o
       436         42          0          0          1      63681   rwble.o
       392         46          0          0          0      63334   rwip.o
       236          8          0          0          0        136   smpc.obj
       524          6          0          0          0         84   smpc_task.obj
       328          8          0          0          2       2959   spi.o
      1216         18         80          0         16       9794   spi_flash.o
       124         14        114        114          8       5780   spotar.o
      1116         74         80          0          1       6398   spotar_task.o
        36          8         16          0         40       3913   streamdatad.o
       500         44        214          0          8       5662   streamdatad_task.o
        84         14          0          0          0     100625   system_armcm0.o
       384         16          0          0         76       9643   uart.o

    ----------------------------------------------------------------------
     24712       2524       1852        312       7804     820440   Object Totals
      1356        452         64          0         32          0   (incl. Generated)
         4          0         10          2         11          0   (incl. Padding)

    ----------------------------------------------------------------------

      Code (inc. data)   RO Data    RW Data    ZI Data      Debug   Library Member Name

         0          0          0          0          0          0   entry.o
         0          0          0          0          0          0   entry10a.o
         0          0          0          0          0          0   entry11a.o
         8          4          0          0          0          0   entry2.o
         4          0          0          0          0          0   entry5.o
         0          0          0          0          0          0   entry7b.o
         0          0          0          0          0          0   entry8b.o
         8          4          0          0          0          0   entry9a.o
        30          0          0          0          0          0   handlers.o
        36          8          0          0          0         68   init.o
        38          0          0          0          0         68   llsshr.o
        56          0          0          0          0         68   d2f.o
       356          4          0          0          0        140   dadd.o
       240          6          0          0          0         84   ddiv.o
        60         10          0          0          0         68   dfixui.o
        40          0          0          0          0         60   f2d.o
       124          0          0          0          0         72   fdiv.o
       130          0          0          0          0        144   fepilogue.o
        40          0          0          0          0         60   ffixui.o
        14          0          0          0          0         68   ffltui.o
       122          0          0          0          0         72   fmul.o
        24          0          0          0          0         60   fscalb.o

    ----------------------------------------------------------------------
      1336         36          0          0          0       1032   Library Totals
         6          0          0          0          0          0   (incl. Padding)

    ----------------------------------------------------------------------

      Code (inc. data)   RO Data    RW Data    ZI Data      Debug   Library Name

       124         16          0          0          0        136   mc_p.l
      1206         20          0          0          0        896   mf_p.l

    ----------------------------------------------------------------------
      1336         36          0          0          0       1032   Library Totals

    ----------------------------------------------------------------------

==============================================================================


      Code (inc. data)   RO Data    RW Data    ZI Data      Debug   

     26048       2560       1852        312       7804     817136   Grand Totals
     26048       2560       1852        312       7804     817136   ELF Image Totals
     26048       2560       1852        312          0          0   ROM Totals

==============================================================================

    Total RO  Size (Code + RO Data)                27900 (  27.25kB)
    Total RW  Size (RW Data + ZI Data)              8116 (   7.93kB)
    Total ROM Size (Code + RO Data + RW Data)      28212 (  27.55kB)

==============================================================================

